ARM GAS  C:\Users\GARUBA~1\AppData\Local\Temp\ccSH3oDY.s 			page 1


   1              		.cpu cortex-m0
   2              		.fpu softvfp
   3              		.eabi_attribute 20, 1
   4              		.eabi_attribute 21, 1
   5              		.eabi_attribute 23, 3
   6              		.eabi_attribute 24, 1
   7              		.eabi_attribute 25, 1
   8              		.eabi_attribute 26, 1
   9              		.eabi_attribute 30, 1
  10              		.eabi_attribute 34, 0
  11              		.eabi_attribute 18, 4
  12              		.code	16
  13              		.file	"cyfitter_cfg.c"
  14              		.text
  15              	.Ltext0:
  16              		.cfi_sections	.debug_frame
  17              		.section	.text.CYMEMZERO,"ax",%progbits
  18              		.align	2
  19              		.code	16
  20              		.thumb_func
  21              		.type	CYMEMZERO, %function
  22              	CYMEMZERO:
  23              	.LFB0:
  24              		.file 1 "Generated_Source\\PSoC4\\cyfitter_cfg.c"
   1:Generated_Source\PSoC4/cyfitter_cfg.c **** /*******************************************************************************
   2:Generated_Source\PSoC4/cyfitter_cfg.c **** * File Name: cyfitter_cfg.c
   3:Generated_Source\PSoC4/cyfitter_cfg.c **** * 
   4:Generated_Source\PSoC4/cyfitter_cfg.c **** * PSoC Creator  4.0 Update 1
   5:Generated_Source\PSoC4/cyfitter_cfg.c **** *
   6:Generated_Source\PSoC4/cyfitter_cfg.c **** * Description:
   7:Generated_Source\PSoC4/cyfitter_cfg.c **** * This file contains device initialization code.
   8:Generated_Source\PSoC4/cyfitter_cfg.c **** * Except for the user defined sections in CyClockStartupError(), this file should not be modified.
   9:Generated_Source\PSoC4/cyfitter_cfg.c **** * This file is automatically generated by PSoC Creator.
  10:Generated_Source\PSoC4/cyfitter_cfg.c **** *
  11:Generated_Source\PSoC4/cyfitter_cfg.c **** ********************************************************************************
  12:Generated_Source\PSoC4/cyfitter_cfg.c **** * Copyright (c) 2007-2016 Cypress Semiconductor.  All rights reserved.
  13:Generated_Source\PSoC4/cyfitter_cfg.c **** * You may use this file only in accordance with the license, terms, conditions, 
  14:Generated_Source\PSoC4/cyfitter_cfg.c **** * disclaimers, and limitations in the end user license agreement accompanying 
  15:Generated_Source\PSoC4/cyfitter_cfg.c **** * the software package with which this file was provided.
  16:Generated_Source\PSoC4/cyfitter_cfg.c **** ********************************************************************************/
  17:Generated_Source\PSoC4/cyfitter_cfg.c **** 
  18:Generated_Source\PSoC4/cyfitter_cfg.c **** #include <string.h>
  19:Generated_Source\PSoC4/cyfitter_cfg.c **** #include "cytypes.h"
  20:Generated_Source\PSoC4/cyfitter_cfg.c **** #include "cydevice_trm.h"
  21:Generated_Source\PSoC4/cyfitter_cfg.c **** #include "cyfitter.h"
  22:Generated_Source\PSoC4/cyfitter_cfg.c **** #include "CyLib.h"
  23:Generated_Source\PSoC4/cyfitter_cfg.c **** #include "CyLFClk.h"
  24:Generated_Source\PSoC4/cyfitter_cfg.c **** #include "cyfitter_cfg.h"
  25:Generated_Source\PSoC4/cyfitter_cfg.c **** #include "cyapicallbacks.h"
  26:Generated_Source\PSoC4/cyfitter_cfg.c **** 
  27:Generated_Source\PSoC4/cyfitter_cfg.c **** 
  28:Generated_Source\PSoC4/cyfitter_cfg.c **** #if defined(__GNUC__) || defined(__ARMCC_VERSION)
  29:Generated_Source\PSoC4/cyfitter_cfg.c ****     #define CYPACKED 
  30:Generated_Source\PSoC4/cyfitter_cfg.c ****     #define CYPACKED_ATTR __attribute__ ((packed))
  31:Generated_Source\PSoC4/cyfitter_cfg.c ****     #define CYALIGNED __attribute__ ((aligned))
  32:Generated_Source\PSoC4/cyfitter_cfg.c ****     #define CY_CFG_UNUSED __attribute__ ((unused))
  33:Generated_Source\PSoC4/cyfitter_cfg.c ****     #ifndef CY_CFG_SECTION
ARM GAS  C:\Users\GARUBA~1\AppData\Local\Temp\ccSH3oDY.s 			page 2


  34:Generated_Source\PSoC4/cyfitter_cfg.c ****         #define CY_CFG_SECTION __attribute__ ((section(".psocinit")))
  35:Generated_Source\PSoC4/cyfitter_cfg.c ****     #endif
  36:Generated_Source\PSoC4/cyfitter_cfg.c ****     
  37:Generated_Source\PSoC4/cyfitter_cfg.c ****     #if defined(__ARMCC_VERSION)
  38:Generated_Source\PSoC4/cyfitter_cfg.c ****         #define CY_CFG_MEMORY_BARRIER() __memory_changed()
  39:Generated_Source\PSoC4/cyfitter_cfg.c ****     #else
  40:Generated_Source\PSoC4/cyfitter_cfg.c ****         #define CY_CFG_MEMORY_BARRIER() __sync_synchronize()
  41:Generated_Source\PSoC4/cyfitter_cfg.c ****     #endif
  42:Generated_Source\PSoC4/cyfitter_cfg.c ****     
  43:Generated_Source\PSoC4/cyfitter_cfg.c **** #elif defined(__ICCARM__)
  44:Generated_Source\PSoC4/cyfitter_cfg.c ****     #include <intrinsics.h>
  45:Generated_Source\PSoC4/cyfitter_cfg.c **** 
  46:Generated_Source\PSoC4/cyfitter_cfg.c ****     #define CYPACKED __packed
  47:Generated_Source\PSoC4/cyfitter_cfg.c ****     #define CYPACKED_ATTR 
  48:Generated_Source\PSoC4/cyfitter_cfg.c ****     #define CYALIGNED _Pragma("data_alignment=4")
  49:Generated_Source\PSoC4/cyfitter_cfg.c ****     #define CY_CFG_UNUSED _Pragma("diag_suppress=Pe177")
  50:Generated_Source\PSoC4/cyfitter_cfg.c ****     #define CY_CFG_SECTION _Pragma("location=\".psocinit\"")
  51:Generated_Source\PSoC4/cyfitter_cfg.c ****     
  52:Generated_Source\PSoC4/cyfitter_cfg.c ****     #define CY_CFG_MEMORY_BARRIER() __DMB()
  53:Generated_Source\PSoC4/cyfitter_cfg.c ****     
  54:Generated_Source\PSoC4/cyfitter_cfg.c **** #else
  55:Generated_Source\PSoC4/cyfitter_cfg.c ****     #error Unsupported toolchain
  56:Generated_Source\PSoC4/cyfitter_cfg.c **** #endif
  57:Generated_Source\PSoC4/cyfitter_cfg.c **** 
  58:Generated_Source\PSoC4/cyfitter_cfg.c **** 
  59:Generated_Source\PSoC4/cyfitter_cfg.c **** CY_CFG_UNUSED
  60:Generated_Source\PSoC4/cyfitter_cfg.c **** static void CYMEMZERO(void *s, size_t n);
  61:Generated_Source\PSoC4/cyfitter_cfg.c **** CY_CFG_UNUSED
  62:Generated_Source\PSoC4/cyfitter_cfg.c **** static void CYMEMZERO(void *s, size_t n)
  63:Generated_Source\PSoC4/cyfitter_cfg.c **** {
  25              		.loc 1 63 0
  26              		.cfi_startproc
  27              	.LVL0:
  28 0000 08B5     		push	{r3, lr}
  29              		.cfi_def_cfa_offset 8
  30              		.cfi_offset 3, -8
  31              		.cfi_offset 14, -4
  32 0002 0A1C     		mov	r2, r1
  64:Generated_Source\PSoC4/cyfitter_cfg.c **** 	(void)memset(s, 0, n);
  33              		.loc 1 64 0
  34 0004 0021     		mov	r1, #0
  35              	.LVL1:
  36 0006 FFF7FEFF 		bl	memset
  37              	.LVL2:
  65:Generated_Source\PSoC4/cyfitter_cfg.c **** }
  38              		.loc 1 65 0
  39              		@ sp needed
  40 000a 08BD     		pop	{r3, pc}
  41              		.cfi_endproc
  42              	.LFE0:
  43              		.size	CYMEMZERO, .-CYMEMZERO
  44              		.section	.psocinit,"ax",%progbits
  45              		.align	2
  46              		.code	16
  47              		.thumb_func
  48              		.type	ClockSetup, %function
  49              	ClockSetup:
ARM GAS  C:\Users\GARUBA~1\AppData\Local\Temp\ccSH3oDY.s 			page 3


  50              	.LFB3:
  66:Generated_Source\PSoC4/cyfitter_cfg.c **** CY_CFG_UNUSED
  67:Generated_Source\PSoC4/cyfitter_cfg.c **** static void CYCONFIGCPY(void *dest, const void *src, size_t n);
  68:Generated_Source\PSoC4/cyfitter_cfg.c **** CY_CFG_UNUSED
  69:Generated_Source\PSoC4/cyfitter_cfg.c **** static void CYCONFIGCPY(void *dest, const void *src, size_t n)
  70:Generated_Source\PSoC4/cyfitter_cfg.c **** {
  71:Generated_Source\PSoC4/cyfitter_cfg.c **** 	(void)memcpy(dest, src, n);
  72:Generated_Source\PSoC4/cyfitter_cfg.c **** }
  73:Generated_Source\PSoC4/cyfitter_cfg.c **** CY_CFG_UNUSED
  74:Generated_Source\PSoC4/cyfitter_cfg.c **** static void CYCONFIGCPYCODE(void *dest, const void *src, size_t n);
  75:Generated_Source\PSoC4/cyfitter_cfg.c **** CY_CFG_UNUSED
  76:Generated_Source\PSoC4/cyfitter_cfg.c **** static void CYCONFIGCPYCODE(void *dest, const void *src, size_t n)
  77:Generated_Source\PSoC4/cyfitter_cfg.c **** {
  78:Generated_Source\PSoC4/cyfitter_cfg.c **** 	(void)memcpy(dest, src, n);
  79:Generated_Source\PSoC4/cyfitter_cfg.c **** }
  80:Generated_Source\PSoC4/cyfitter_cfg.c **** 
  81:Generated_Source\PSoC4/cyfitter_cfg.c **** 
  82:Generated_Source\PSoC4/cyfitter_cfg.c **** 
  83:Generated_Source\PSoC4/cyfitter_cfg.c **** 
  84:Generated_Source\PSoC4/cyfitter_cfg.c **** /* Clock startup error codes                                                   */
  85:Generated_Source\PSoC4/cyfitter_cfg.c **** #define CYCLOCKSTART_NO_ERROR    0u
  86:Generated_Source\PSoC4/cyfitter_cfg.c **** #define CYCLOCKSTART_XTAL_ERROR  1u
  87:Generated_Source\PSoC4/cyfitter_cfg.c **** #define CYCLOCKSTART_32KHZ_ERROR 2u
  88:Generated_Source\PSoC4/cyfitter_cfg.c **** #define CYCLOCKSTART_PLL_ERROR   3u
  89:Generated_Source\PSoC4/cyfitter_cfg.c **** 
  90:Generated_Source\PSoC4/cyfitter_cfg.c **** 
  91:Generated_Source\PSoC4/cyfitter_cfg.c **** #ifdef CY_NEED_CYCLOCKSTARTUPERROR
  92:Generated_Source\PSoC4/cyfitter_cfg.c **** /*******************************************************************************
  93:Generated_Source\PSoC4/cyfitter_cfg.c **** * Function Name: CyClockStartupError
  94:Generated_Source\PSoC4/cyfitter_cfg.c **** ********************************************************************************
  95:Generated_Source\PSoC4/cyfitter_cfg.c **** * Summary:
  96:Generated_Source\PSoC4/cyfitter_cfg.c **** *  If an error is encountered during clock configuration (crystal startup error,
  97:Generated_Source\PSoC4/cyfitter_cfg.c **** *  PLL lock error, etc.), the system will end up here.  Unless reimplemented by
  98:Generated_Source\PSoC4/cyfitter_cfg.c **** *  the customer, this function will stop in an infinite loop.
  99:Generated_Source\PSoC4/cyfitter_cfg.c **** *
 100:Generated_Source\PSoC4/cyfitter_cfg.c **** * Parameters:
 101:Generated_Source\PSoC4/cyfitter_cfg.c **** *   void
 102:Generated_Source\PSoC4/cyfitter_cfg.c **** *
 103:Generated_Source\PSoC4/cyfitter_cfg.c **** * Return:
 104:Generated_Source\PSoC4/cyfitter_cfg.c **** *   void
 105:Generated_Source\PSoC4/cyfitter_cfg.c **** *
 106:Generated_Source\PSoC4/cyfitter_cfg.c **** *******************************************************************************/
 107:Generated_Source\PSoC4/cyfitter_cfg.c **** CY_CFG_UNUSED
 108:Generated_Source\PSoC4/cyfitter_cfg.c **** static void CyClockStartupError(uint8 errorCode);
 109:Generated_Source\PSoC4/cyfitter_cfg.c **** CY_CFG_UNUSED
 110:Generated_Source\PSoC4/cyfitter_cfg.c **** static void CyClockStartupError(uint8 errorCode)
 111:Generated_Source\PSoC4/cyfitter_cfg.c **** {
 112:Generated_Source\PSoC4/cyfitter_cfg.c ****     /* To remove the compiler warning if errorCode not used.                */
 113:Generated_Source\PSoC4/cyfitter_cfg.c ****     errorCode = errorCode;
 114:Generated_Source\PSoC4/cyfitter_cfg.c **** 
 115:Generated_Source\PSoC4/cyfitter_cfg.c ****     /* If we have a clock startup error (bad MHz crystal, PLL lock, etc.),  */
 116:Generated_Source\PSoC4/cyfitter_cfg.c ****     /* we will end up here to allow the customer to implement something to  */
 117:Generated_Source\PSoC4/cyfitter_cfg.c ****     /* deal with the clock condition.                                       */
 118:Generated_Source\PSoC4/cyfitter_cfg.c **** 
 119:Generated_Source\PSoC4/cyfitter_cfg.c **** #ifdef CY_CFG_CLOCK_STARTUP_ERROR_CALLBACK
 120:Generated_Source\PSoC4/cyfitter_cfg.c **** 	CY_CFG_Clock_Startup_ErrorCallback();
 121:Generated_Source\PSoC4/cyfitter_cfg.c **** #else
ARM GAS  C:\Users\GARUBA~1\AppData\Local\Temp\ccSH3oDY.s 			page 4


 122:Generated_Source\PSoC4/cyfitter_cfg.c **** 	/*  If not using CY_CFG_CLOCK_STARTUP_ERROR_CALLBACK, place your clock startup code here. */
 123:Generated_Source\PSoC4/cyfitter_cfg.c ****     /* `#START CyClockStartupError` */
 124:Generated_Source\PSoC4/cyfitter_cfg.c **** 
 125:Generated_Source\PSoC4/cyfitter_cfg.c **** 
 126:Generated_Source\PSoC4/cyfitter_cfg.c **** 
 127:Generated_Source\PSoC4/cyfitter_cfg.c ****     /* `#END` */
 128:Generated_Source\PSoC4/cyfitter_cfg.c **** 
 129:Generated_Source\PSoC4/cyfitter_cfg.c ****     /* If nothing else, stop here since the clocks have not started         */
 130:Generated_Source\PSoC4/cyfitter_cfg.c ****     /* correctly.                                                           */
 131:Generated_Source\PSoC4/cyfitter_cfg.c ****     while(1) {}
 132:Generated_Source\PSoC4/cyfitter_cfg.c **** #endif /* CY_CFG_CLOCK_STARTUP_ERROR_CALLBACK */ 
 133:Generated_Source\PSoC4/cyfitter_cfg.c **** }
 134:Generated_Source\PSoC4/cyfitter_cfg.c **** #endif
 135:Generated_Source\PSoC4/cyfitter_cfg.c **** 
 136:Generated_Source\PSoC4/cyfitter_cfg.c **** 
 137:Generated_Source\PSoC4/cyfitter_cfg.c **** 
 138:Generated_Source\PSoC4/cyfitter_cfg.c **** /*******************************************************************************
 139:Generated_Source\PSoC4/cyfitter_cfg.c **** * Function Name: ClockSetup
 140:Generated_Source\PSoC4/cyfitter_cfg.c **** ********************************************************************************
 141:Generated_Source\PSoC4/cyfitter_cfg.c **** *
 142:Generated_Source\PSoC4/cyfitter_cfg.c **** * Summary:
 143:Generated_Source\PSoC4/cyfitter_cfg.c **** *   Performs the initialization of all of the clocks in the device based on the
 144:Generated_Source\PSoC4/cyfitter_cfg.c **** *   settings in the Clock tab of the DWR.  This includes enabling the requested
 145:Generated_Source\PSoC4/cyfitter_cfg.c **** *   clocks and setting the necessary dividers to produce the desired frequency. 
 146:Generated_Source\PSoC4/cyfitter_cfg.c **** *
 147:Generated_Source\PSoC4/cyfitter_cfg.c **** * Parameters:
 148:Generated_Source\PSoC4/cyfitter_cfg.c **** *   void
 149:Generated_Source\PSoC4/cyfitter_cfg.c **** *
 150:Generated_Source\PSoC4/cyfitter_cfg.c **** * Return:
 151:Generated_Source\PSoC4/cyfitter_cfg.c **** *   void
 152:Generated_Source\PSoC4/cyfitter_cfg.c **** *
 153:Generated_Source\PSoC4/cyfitter_cfg.c **** *******************************************************************************/
 154:Generated_Source\PSoC4/cyfitter_cfg.c **** static void ClockSetup(void);
 155:Generated_Source\PSoC4/cyfitter_cfg.c **** CY_CFG_SECTION
 156:Generated_Source\PSoC4/cyfitter_cfg.c **** static void ClockSetup(void)
 157:Generated_Source\PSoC4/cyfitter_cfg.c **** {
  51              		.loc 1 157 0
  52              		.cfi_startproc
  53 0000 38B5     		push	{r3, r4, r5, lr}
  54              		.cfi_def_cfa_offset 16
  55              		.cfi_offset 3, -16
  56              		.cfi_offset 4, -12
  57              		.cfi_offset 5, -8
  58              		.cfi_offset 14, -4
 158:Generated_Source\PSoC4/cyfitter_cfg.c **** 	/* Enable HALF_EN before trimming for the flash accelerator. */
 159:Generated_Source\PSoC4/cyfitter_cfg.c **** 	CY_SET_REG32((void CYXDATA *)(CYREG_CLK_SELECT), (CY_GET_REG32((void *)CYREG_CLK_SELECT) | 0x00040
  59              		.loc 1 159 0
  60 0002 154C     		ldr	r4, .L3
  61 0004 2368     		ldr	r3, [r4]
  62 0006 8022     		mov	r2, #128
  63 0008 D202     		lsl	r2, r2, #11
  64 000a 1343     		orr	r3, r2
  65 000c 2360     		str	r3, [r4]
 160:Generated_Source\PSoC4/cyfitter_cfg.c **** 
 161:Generated_Source\PSoC4/cyfitter_cfg.c **** 	/* Setup and trim IMO based on desired frequency. */
 162:Generated_Source\PSoC4/cyfitter_cfg.c **** 	CySysClkWriteImoFreq(24u);
  66              		.loc 1 162 0
ARM GAS  C:\Users\GARUBA~1\AppData\Local\Temp\ccSH3oDY.s 			page 5


  67 000e 1820     		mov	r0, #24
  68 0010 FFF7FEFF 		bl	CySysClkWriteImoFreq
  69              	.LVL3:
 163:Generated_Source\PSoC4/cyfitter_cfg.c **** 
 164:Generated_Source\PSoC4/cyfitter_cfg.c **** 	/* Disable HALF_EN since it is not required at this IMO frequency. */
 165:Generated_Source\PSoC4/cyfitter_cfg.c **** 	CY_SET_REG32((void CYXDATA *)(CYREG_CLK_SELECT), (CY_GET_REG32((void *)CYREG_CLK_SELECT) & 0xFFFBF
  70              		.loc 1 165 0
  71 0014 2268     		ldr	r2, [r4]
  72 0016 114B     		ldr	r3, .L3+4
  73 0018 1340     		and	r3, r2
  74 001a 2360     		str	r3, [r4]
 166:Generated_Source\PSoC4/cyfitter_cfg.c **** 	/* CYDEV_CLK_ILO_CONFIG Starting address: CYDEV_CLK_ILO_CONFIG */
 167:Generated_Source\PSoC4/cyfitter_cfg.c **** 	CY_SET_XTND_REG32((void CYFAR *)(CYREG_CLK_ILO_CONFIG), 0x80000006u);
  75              		.loc 1 167 0
  76 001c 104A     		ldr	r2, .L3+8
  77 001e 114B     		ldr	r3, .L3+12
  78 0020 1A60     		str	r2, [r3]
 168:Generated_Source\PSoC4/cyfitter_cfg.c **** 
 169:Generated_Source\PSoC4/cyfitter_cfg.c **** 
 170:Generated_Source\PSoC4/cyfitter_cfg.c **** 	/* CYDEV_CLK_SELECT00 Starting address: CYDEV_CLK_SELECT00 */
 171:Generated_Source\PSoC4/cyfitter_cfg.c **** 	CY_SET_XTND_REG32((void CYFAR *)(CYREG_CLK_SELECT02), 0x00000020u);
  79              		.loc 1 171 0
  80 0022 2022     		mov	r2, #32
  81 0024 104B     		ldr	r3, .L3+16
  82 0026 1A60     		str	r2, [r3]
 172:Generated_Source\PSoC4/cyfitter_cfg.c **** 	CY_SET_XTND_REG32((void CYFAR *)(CYREG_CLK_SELECT03), 0x00000010u);
  83              		.loc 1 172 0
  84 0028 103A     		sub	r2, r2, #16
  85 002a 104B     		ldr	r3, .L3+20
  86 002c 1A60     		str	r2, [r3]
 173:Generated_Source\PSoC4/cyfitter_cfg.c **** 
 174:Generated_Source\PSoC4/cyfitter_cfg.c **** 	/* CYDEV_CLK_IMO_CONFIG Starting address: CYDEV_CLK_IMO_CONFIG */
 175:Generated_Source\PSoC4/cyfitter_cfg.c **** 	CY_SET_XTND_REG32((void CYFAR *)(CYREG_CLK_IMO_CONFIG), 0x80000000u);
  87              		.loc 1 175 0
  88 002e 8022     		mov	r2, #128
  89 0030 1206     		lsl	r2, r2, #24
  90 0032 0F4B     		ldr	r3, .L3+24
  91 0034 1A60     		str	r2, [r3]
 176:Generated_Source\PSoC4/cyfitter_cfg.c **** 
 177:Generated_Source\PSoC4/cyfitter_cfg.c **** 	/* CYDEV_CLK_SELECT Starting address: CYDEV_CLK_SELECT */
 178:Generated_Source\PSoC4/cyfitter_cfg.c **** 	CY_SET_XTND_REG32((void CYFAR *)(CYREG_CLK_SELECT), 0x00000000u);
  92              		.loc 1 178 0
  93 0036 0025     		mov	r5, #0
  94 0038 2560     		str	r5, [r4]
 179:Generated_Source\PSoC4/cyfitter_cfg.c **** 
 180:Generated_Source\PSoC4/cyfitter_cfg.c **** 	/* CYDEV_CLK_DIVIDER_A00 Starting address: CYDEV_CLK_DIVIDER_A00 */
 181:Generated_Source\PSoC4/cyfitter_cfg.c **** 	CY_SET_XTND_REG32((void CYFAR *)(CYREG_CLK_DIVIDER_A00), 0x800001A0u);
  95              		.loc 1 181 0
  96 003a 0E4B     		ldr	r3, .L3+28
  97 003c 0E4A     		ldr	r2, .L3+32
  98 003e 1360     		str	r3, [r2]
 182:Generated_Source\PSoC4/cyfitter_cfg.c **** 
 183:Generated_Source\PSoC4/cyfitter_cfg.c **** 	/* CYDEV_CLK_DIVIDER_B00 Starting address: CYDEV_CLK_DIVIDER_B00 */
 184:Generated_Source\PSoC4/cyfitter_cfg.c **** 	CY_SET_XTND_REG32((void CYFAR *)(CYREG_CLK_DIVIDER_B00), 0x800001A0u);
  99              		.loc 1 184 0
 100 0040 0E4A     		ldr	r2, .L3+36
 101 0042 1360     		str	r3, [r2]
ARM GAS  C:\Users\GARUBA~1\AppData\Local\Temp\ccSH3oDY.s 			page 6


 185:Generated_Source\PSoC4/cyfitter_cfg.c **** 
 186:Generated_Source\PSoC4/cyfitter_cfg.c **** 	(void)CyIntSetVector(9u, &CySysWdtIsr);
 102              		.loc 1 186 0
 103 0044 0920     		mov	r0, #9
 104 0046 0E49     		ldr	r1, .L3+40
 105 0048 FFF7FEFF 		bl	CyIntSetVector
 106              	.LVL4:
 187:Generated_Source\PSoC4/cyfitter_cfg.c **** 	CyIntEnable(9u);
 107              		.loc 1 187 0
 108 004c 0920     		mov	r0, #9
 109 004e FFF7FEFF 		bl	CyIntEnable
 110              	.LVL5:
 188:Generated_Source\PSoC4/cyfitter_cfg.c **** 	CY_SET_XTND_REG32((void CYFAR *)(CYREG_WDT_CONFIG), 0x00000000u);
 111              		.loc 1 188 0
 112 0052 0C4B     		ldr	r3, .L3+44
 113 0054 1D60     		str	r5, [r3]
 189:Generated_Source\PSoC4/cyfitter_cfg.c **** }
 114              		.loc 1 189 0
 115              		@ sp needed
 116 0056 38BD     		pop	{r3, r4, r5, pc}
 117              	.L4:
 118              		.align	2
 119              	.L3:
 120 0058 00010B40 		.word	1074462976
 121 005c FFFFFBFF 		.word	-262145
 122 0060 06000080 		.word	-2147483642
 123 0064 04010B40 		.word	1074462980
 124 0068 08020240 		.word	1073873416
 125 006c 0C020240 		.word	1073873420
 126 0070 08010B40 		.word	1074462984
 127 0074 A0010080 		.word	-2147483232
 128 0078 00000240 		.word	1073872896
 129 007c 40000240 		.word	1073872960
 130 0080 00000000 		.word	CySysWdtIsr
 131 0084 0C020B40 		.word	1074463244
 132              		.cfi_endproc
 133              	.LFE3:
 134              		.size	ClockSetup, .-ClockSetup
 135              		.align	2
 136              		.global	cyfitter_cfg
 137              		.code	16
 138              		.thumb_func
 139              		.type	cyfitter_cfg, %function
 140              	cyfitter_cfg:
 141              	.LFB5:
 190:Generated_Source\PSoC4/cyfitter_cfg.c **** 
 191:Generated_Source\PSoC4/cyfitter_cfg.c **** 
 192:Generated_Source\PSoC4/cyfitter_cfg.c **** /* Analog API Functions */
 193:Generated_Source\PSoC4/cyfitter_cfg.c **** 
 194:Generated_Source\PSoC4/cyfitter_cfg.c **** 
 195:Generated_Source\PSoC4/cyfitter_cfg.c **** /*******************************************************************************
 196:Generated_Source\PSoC4/cyfitter_cfg.c **** * Function Name: AnalogSetDefault
 197:Generated_Source\PSoC4/cyfitter_cfg.c **** ********************************************************************************
 198:Generated_Source\PSoC4/cyfitter_cfg.c **** *
 199:Generated_Source\PSoC4/cyfitter_cfg.c **** * Summary:
 200:Generated_Source\PSoC4/cyfitter_cfg.c **** *  Sets up the analog portions of the chip to default values based on chip
 201:Generated_Source\PSoC4/cyfitter_cfg.c **** *  configuration options from the project.
ARM GAS  C:\Users\GARUBA~1\AppData\Local\Temp\ccSH3oDY.s 			page 7


 202:Generated_Source\PSoC4/cyfitter_cfg.c **** *
 203:Generated_Source\PSoC4/cyfitter_cfg.c **** * Parameters:
 204:Generated_Source\PSoC4/cyfitter_cfg.c **** *  void
 205:Generated_Source\PSoC4/cyfitter_cfg.c **** *
 206:Generated_Source\PSoC4/cyfitter_cfg.c **** * Return:
 207:Generated_Source\PSoC4/cyfitter_cfg.c **** *  void
 208:Generated_Source\PSoC4/cyfitter_cfg.c **** *
 209:Generated_Source\PSoC4/cyfitter_cfg.c **** *******************************************************************************/
 210:Generated_Source\PSoC4/cyfitter_cfg.c **** static void AnalogSetDefault(void);
 211:Generated_Source\PSoC4/cyfitter_cfg.c **** static void AnalogSetDefault(void)
 212:Generated_Source\PSoC4/cyfitter_cfg.c **** {
 213:Generated_Source\PSoC4/cyfitter_cfg.c **** }
 214:Generated_Source\PSoC4/cyfitter_cfg.c **** 
 215:Generated_Source\PSoC4/cyfitter_cfg.c **** #define CY_AMUX_UNUSED CYREG_CM0_ROM_DWT
 216:Generated_Source\PSoC4/cyfitter_cfg.c **** 
 217:Generated_Source\PSoC4/cyfitter_cfg.c **** 
 218:Generated_Source\PSoC4/cyfitter_cfg.c **** /*******************************************************************************
 219:Generated_Source\PSoC4/cyfitter_cfg.c **** * Function Name: cyfitter_cfg
 220:Generated_Source\PSoC4/cyfitter_cfg.c **** ********************************************************************************
 221:Generated_Source\PSoC4/cyfitter_cfg.c **** * Summary:
 222:Generated_Source\PSoC4/cyfitter_cfg.c **** *  This function is called by the start-up code for the selected device. It
 223:Generated_Source\PSoC4/cyfitter_cfg.c **** *  performs all of the necessary device configuration based on the design
 224:Generated_Source\PSoC4/cyfitter_cfg.c **** *  settings.  This includes settings from the Design Wide Resources (DWR) such
 225:Generated_Source\PSoC4/cyfitter_cfg.c **** *  as Clocks and Pins as well as any component configuration that is necessary.
 226:Generated_Source\PSoC4/cyfitter_cfg.c **** *
 227:Generated_Source\PSoC4/cyfitter_cfg.c **** * Parameters:  
 228:Generated_Source\PSoC4/cyfitter_cfg.c **** *   void
 229:Generated_Source\PSoC4/cyfitter_cfg.c **** *
 230:Generated_Source\PSoC4/cyfitter_cfg.c **** * Return:
 231:Generated_Source\PSoC4/cyfitter_cfg.c **** *   void
 232:Generated_Source\PSoC4/cyfitter_cfg.c **** *
 233:Generated_Source\PSoC4/cyfitter_cfg.c **** *******************************************************************************/
 234:Generated_Source\PSoC4/cyfitter_cfg.c **** CY_CFG_SECTION
 235:Generated_Source\PSoC4/cyfitter_cfg.c **** void cyfitter_cfg(void)
 236:Generated_Source\PSoC4/cyfitter_cfg.c **** {
 142              		.loc 1 236 0
 143              		.cfi_startproc
 144 0088 10B5     		push	{r4, lr}
 145              		.cfi_def_cfa_offset 8
 146              		.cfi_offset 4, -8
 147              		.cfi_offset 14, -4
 237:Generated_Source\PSoC4/cyfitter_cfg.c **** 	/* Disable interrupts by default. Let user enable if/when they want. */
 238:Generated_Source\PSoC4/cyfitter_cfg.c **** 	CyGlobalIntDisable;
 148              		.loc 1 238 0
 149              	@ 238 "Generated_Source\PSoC4\cyfitter_cfg.c" 1
 150 008a 72B6     		CPSID   i
 151              	@ 0 "" 2
 152              	.LVL6:
 153              		.code	16
 154              	.LBB2:
 239:Generated_Source\PSoC4/cyfitter_cfg.c **** 
 240:Generated_Source\PSoC4/cyfitter_cfg.c **** 	{
 241:Generated_Source\PSoC4/cyfitter_cfg.c **** 
 242:Generated_Source\PSoC4/cyfitter_cfg.c **** 		CYPACKED typedef struct {
 243:Generated_Source\PSoC4/cyfitter_cfg.c **** 			void CYFAR *address;
 244:Generated_Source\PSoC4/cyfitter_cfg.c **** 			uint16 size;
 245:Generated_Source\PSoC4/cyfitter_cfg.c **** 		} CYPACKED_ATTR cfg_memset_t;
ARM GAS  C:\Users\GARUBA~1\AppData\Local\Temp\ccSH3oDY.s 			page 8


 246:Generated_Source\PSoC4/cyfitter_cfg.c **** 
 247:Generated_Source\PSoC4/cyfitter_cfg.c **** 		static const cfg_memset_t CYCODE cfg_memset_list [] = {
 248:Generated_Source\PSoC4/cyfitter_cfg.c **** 			/* address, size */
 249:Generated_Source\PSoC4/cyfitter_cfg.c **** 			{(void CYFAR *)(CYDEV_UDB_P0_U0_BASE), 1024u},
 250:Generated_Source\PSoC4/cyfitter_cfg.c **** 			{(void CYFAR *)(CYDEV_UDB_DSI0_BASE), 1024u},
 251:Generated_Source\PSoC4/cyfitter_cfg.c **** 		};
 252:Generated_Source\PSoC4/cyfitter_cfg.c **** 
 253:Generated_Source\PSoC4/cyfitter_cfg.c **** 		uint8 CYDATA i;
 254:Generated_Source\PSoC4/cyfitter_cfg.c **** 
 255:Generated_Source\PSoC4/cyfitter_cfg.c **** 		/* Zero out critical memory blocks before beginning configuration */
 256:Generated_Source\PSoC4/cyfitter_cfg.c **** 		for (i = 0u; i < (sizeof(cfg_memset_list)/sizeof(cfg_memset_list[0])); i++)
 155              		.loc 1 256 0
 156 008c 0024     		mov	r4, #0
 157 008e 10E0     		b	.L6
 158              	.LVL7:
 159              	.L7:
 160              	.LBB3:
 257:Generated_Source\PSoC4/cyfitter_cfg.c **** 		{
 258:Generated_Source\PSoC4/cyfitter_cfg.c **** 			const cfg_memset_t CYCODE * CYDATA ms = &cfg_memset_list[i];
 259:Generated_Source\PSoC4/cyfitter_cfg.c **** 			CYMEMZERO(ms->address, (size_t)(uint32)(ms->size));
 161              		.loc 1 259 0 discriminator 3
 162 0090 1F48     		ldr	r0, .L8
 163 0092 6300     		lsl	r3, r4, #1
 164 0094 1A19     		add	r2, r3, r4
 165 0096 5200     		lsl	r2, r2, #1
 166 0098 8218     		add	r2, r0, r2
 167 009a 9188     		ldrh	r1, [r2, #4]
 168 009c 1B19     		add	r3, r3, r4
 169 009e 5B00     		lsl	r3, r3, #1
 170 00a0 1A5A     		ldrh	r2, [r3, r0]
 171 00a2 C318     		add	r3, r0, r3
 172 00a4 5888     		ldrh	r0, [r3, #2]
 173 00a6 0004     		lsl	r0, r0, #16
 174 00a8 1043     		orr	r0, r2
 175 00aa FFF7FEFF 		bl	CYMEMZERO
 176              	.LVL8:
 177              	.LBE3:
 256:Generated_Source\PSoC4/cyfitter_cfg.c **** 		{
 178              		.loc 1 256 0 discriminator 3
 179 00ae 0134     		add	r4, r4, #1
 180              	.LVL9:
 181 00b0 E4B2     		uxtb	r4, r4
 182              	.LVL10:
 183              	.L6:
 256:Generated_Source\PSoC4/cyfitter_cfg.c **** 		{
 184              		.loc 1 256 0 is_stmt 0 discriminator 1
 185 00b2 012C     		cmp	r4, #1
 186 00b4 ECD9     		bls	.L7
 260:Generated_Source\PSoC4/cyfitter_cfg.c **** 		}
 261:Generated_Source\PSoC4/cyfitter_cfg.c **** 
 262:Generated_Source\PSoC4/cyfitter_cfg.c **** 		/* HSIOM Starting address: CYDEV_HSIOM_BASE */
 263:Generated_Source\PSoC4/cyfitter_cfg.c **** 		CY_SET_XTND_REG32((void CYFAR *)(CYREG_HSIOM_PORT_SEL3), 0x0000EE99u);
 187              		.loc 1 263 0 is_stmt 1
 188 00b6 174A     		ldr	r2, .L8+4
 189 00b8 174B     		ldr	r3, .L8+8
 190 00ba 1A60     		str	r2, [r3]
 264:Generated_Source\PSoC4/cyfitter_cfg.c **** 		CY_SET_XTND_REG32((void CYFAR *)(CYREG_HSIOM_PORT_SEL4), 0x00000099u);
ARM GAS  C:\Users\GARUBA~1\AppData\Local\Temp\ccSH3oDY.s 			page 9


 191              		.loc 1 264 0
 192 00bc 9922     		mov	r2, #153
 193 00be 174B     		ldr	r3, .L8+12
 194 00c0 1A60     		str	r2, [r3]
 265:Generated_Source\PSoC4/cyfitter_cfg.c **** 
 266:Generated_Source\PSoC4/cyfitter_cfg.c **** 		/* UDB_PA_3 Starting address: CYDEV_UDB_PA3_BASE */
 267:Generated_Source\PSoC4/cyfitter_cfg.c **** 		CY_SET_XTND_REG32((void CYFAR *)(CYDEV_UDB_PA3_BASE), 0x00990000u);
 195              		.loc 1 267 0
 196 00c2 9922     		mov	r2, #153
 197 00c4 1204     		lsl	r2, r2, #16
 198 00c6 164B     		ldr	r3, .L8+16
 199 00c8 1A60     		str	r2, [r3]
 268:Generated_Source\PSoC4/cyfitter_cfg.c **** 
 269:Generated_Source\PSoC4/cyfitter_cfg.c **** 		/* Enable digital routing */
 270:Generated_Source\PSoC4/cyfitter_cfg.c **** 		CY_SET_XTND_REG8((void *)CYREG_UDB_UDBIF_BANK_CTL, CY_GET_XTND_REG8((void *)CYREG_UDB_UDBIF_BANK_
 200              		.loc 1 270 0
 201 00ca 164A     		ldr	r2, .L8+20
 202 00cc 1078     		ldrb	r0, [r2]
 203 00ce 0223     		mov	r3, #2
 204 00d0 0221     		mov	r1, #2
 205 00d2 0143     		orr	r1, r0
 206 00d4 1170     		strb	r1, [r2]
 271:Generated_Source\PSoC4/cyfitter_cfg.c **** 
 272:Generated_Source\PSoC4/cyfitter_cfg.c **** 		/* Enable UDB array */
 273:Generated_Source\PSoC4/cyfitter_cfg.c **** 		CY_SET_XTND_REG8((void *)CYREG_UDB_UDBIF_WAIT_CFG, (uint8)((CY_GET_XTND_REG8((void *)CYREG_UDB_UD
 207              		.loc 1 273 0
 208 00d6 144C     		ldr	r4, .L8+24
 209              	.LVL11:
 210 00d8 2178     		ldrb	r1, [r4]
 211 00da 3C20     		mov	r0, #60
 212 00dc 8143     		bic	r1, r0
 213 00de 2838     		sub	r0, r0, #40
 214 00e0 0143     		orr	r1, r0
 215 00e2 2170     		strb	r1, [r4]
 274:Generated_Source\PSoC4/cyfitter_cfg.c **** 		CY_SET_XTND_REG8((void *)CYREG_UDB_UDBIF_BANK_CTL, (uint8)(CY_GET_XTND_REG8((void *)CYREG_UDB_UDB
 216              		.loc 1 274 0
 217 00e4 1078     		ldrb	r0, [r2]
 218 00e6 1621     		mov	r1, #22
 219 00e8 0143     		orr	r1, r0
 220 00ea 1170     		strb	r1, [r2]
 221              	.LBE2:
 275:Generated_Source\PSoC4/cyfitter_cfg.c **** 	}
 276:Generated_Source\PSoC4/cyfitter_cfg.c **** 
 277:Generated_Source\PSoC4/cyfitter_cfg.c **** 	/* Perform second pass device configuration. These items must be configured in specific order afte
 278:Generated_Source\PSoC4/cyfitter_cfg.c **** 	/* IOPINS0_3 Starting address: CYDEV_PRT3_BASE */
 279:Generated_Source\PSoC4/cyfitter_cfg.c **** 	CY_SET_XTND_REG32((void CYFAR *)(CYDEV_PRT3_BASE), 0x00000002u);
 222              		.loc 1 279 0
 223 00ec 0F4A     		ldr	r2, .L8+28
 224 00ee 1360     		str	r3, [r2]
 280:Generated_Source\PSoC4/cyfitter_cfg.c **** 	CY_SET_XTND_REG32((void CYFAR *)(CYREG_PRT3_PC), 0x00000DB1u);
 225              		.loc 1 280 0
 226 00f0 0F49     		ldr	r1, .L8+32
 227 00f2 104A     		ldr	r2, .L8+36
 228 00f4 1160     		str	r1, [r2]
 281:Generated_Source\PSoC4/cyfitter_cfg.c **** 	CY_SET_XTND_REG32((void CYFAR *)(CYREG_PRT3_PC2), 0x00000002u);
 229              		.loc 1 281 0
 230 00f6 104A     		ldr	r2, .L8+40
ARM GAS  C:\Users\GARUBA~1\AppData\Local\Temp\ccSH3oDY.s 			page 10


 231 00f8 1360     		str	r3, [r2]
 282:Generated_Source\PSoC4/cyfitter_cfg.c **** 
 283:Generated_Source\PSoC4/cyfitter_cfg.c **** 	/* IOPINS0_4 Starting address: CYDEV_PRT4_BASE */
 284:Generated_Source\PSoC4/cyfitter_cfg.c **** 	CY_SET_XTND_REG32((void CYFAR *)(CYDEV_PRT4_BASE), 0x00000002u);
 232              		.loc 1 284 0
 233 00fa 104A     		ldr	r2, .L8+44
 234 00fc 1360     		str	r3, [r2]
 285:Generated_Source\PSoC4/cyfitter_cfg.c **** 	CY_SET_XTND_REG32((void CYFAR *)(CYREG_PRT4_PC), 0x00000031u);
 235              		.loc 1 285 0
 236 00fe 3121     		mov	r1, #49
 237 0100 0F4A     		ldr	r2, .L8+48
 238 0102 1160     		str	r1, [r2]
 286:Generated_Source\PSoC4/cyfitter_cfg.c **** 	CY_SET_XTND_REG32((void CYFAR *)(CYREG_PRT4_PC2), 0x00000002u);
 239              		.loc 1 286 0
 240 0104 0F4A     		ldr	r2, .L8+52
 241 0106 1360     		str	r3, [r2]
 287:Generated_Source\PSoC4/cyfitter_cfg.c **** 
 288:Generated_Source\PSoC4/cyfitter_cfg.c **** 
 289:Generated_Source\PSoC4/cyfitter_cfg.c **** 	/* Setup clocks based on selections from Clock DWR */
 290:Generated_Source\PSoC4/cyfitter_cfg.c **** 	ClockSetup();
 242              		.loc 1 290 0
 243 0108 FFF77AFF 		bl	ClockSetup
 244              	.LVL12:
 291:Generated_Source\PSoC4/cyfitter_cfg.c **** 
 292:Generated_Source\PSoC4/cyfitter_cfg.c **** 	/* Perform basic analog initialization to defaults */
 293:Generated_Source\PSoC4/cyfitter_cfg.c **** 	AnalogSetDefault();
 294:Generated_Source\PSoC4/cyfitter_cfg.c **** 
 295:Generated_Source\PSoC4/cyfitter_cfg.c **** }
 245              		.loc 1 295 0
 246              		@ sp needed
 247 010c 10BD     		pop	{r4, pc}
 248              	.L9:
 249 010e C046     		.align	2
 250              	.L8:
 251 0110 00000000 		.word	.LANCHOR0
 252 0114 99EE0000 		.word	61081
 253 0118 0C000140 		.word	1073807372
 254 011c 10000140 		.word	1073807376
 255 0120 30500F40 		.word	1074745392
 256 0124 00700F40 		.word	1074753536
 257 0128 01700F40 		.word	1074753537
 258 012c 00030440 		.word	1074004736
 259 0130 B10D0000 		.word	3505
 260 0134 08030440 		.word	1074004744
 261 0138 18030440 		.word	1074004760
 262 013c 00040440 		.word	1074004992
 263 0140 08040440 		.word	1074005000
 264 0144 18040440 		.word	1074005016
 265              		.cfi_endproc
 266              	.LFE5:
 267              		.size	cyfitter_cfg, .-cyfitter_cfg
 268              		.section	.rodata
 269              		.align	2
 270              		.set	.LANCHOR0,. + 0
 271              		.type	cfg_memset_list.4725, %object
 272              		.size	cfg_memset_list.4725, 12
 273              	cfg_memset_list.4725:
ARM GAS  C:\Users\GARUBA~1\AppData\Local\Temp\ccSH3oDY.s 			page 11


 274 0000 00300F40 		.word	1074737152
 275 0004 0004     		.short	1024
 276 0006 00400F40 		.4byte	1074741248
 277 000a 0004     		.short	1024
 278              		.text
 279              	.Letext0:
 280              		.file 2 "c:\\program files (x86)\\cypress\\psoc creator\\4.0\\psoc creator\\import\\gnu\\arm\\4.9.
 281              		.file 3 "Generated_Source\\PSoC4\\cytypes.h"
 282              		.file 4 "Generated_Source\\PSoC4\\CyLib.h"
 283              		.section	.debug_info,"",%progbits
 284              	.Ldebug_info0:
 285 0000 90020000 		.4byte	0x290
 286 0004 0400     		.2byte	0x4
 287 0006 00000000 		.4byte	.Ldebug_abbrev0
 288 000a 04       		.byte	0x4
 289 000b 01       		.uleb128 0x1
 290 000c 21010000 		.4byte	.LASF28
 291 0010 01       		.byte	0x1
 292 0011 E3010000 		.4byte	.LASF29
 293 0015 09020000 		.4byte	.LASF30
 294 0019 00000000 		.4byte	.Ldebug_ranges0+0
 295 001d 00000000 		.4byte	0
 296 0021 00000000 		.4byte	.Ldebug_line0
 297 0025 02       		.uleb128 0x2
 298 0026 04       		.byte	0x4
 299 0027 05       		.byte	0x5
 300 0028 696E7400 		.ascii	"int\000"
 301 002c 03       		.uleb128 0x3
 302 002d 06000000 		.4byte	.LASF11
 303 0031 02       		.byte	0x2
 304 0032 D4       		.byte	0xd4
 305 0033 37000000 		.4byte	0x37
 306 0037 04       		.uleb128 0x4
 307 0038 04       		.byte	0x4
 308 0039 07       		.byte	0x7
 309 003a B2000000 		.4byte	.LASF0
 310 003e 04       		.uleb128 0x4
 311 003f 01       		.byte	0x1
 312 0040 06       		.byte	0x6
 313 0041 D7010000 		.4byte	.LASF1
 314 0045 04       		.uleb128 0x4
 315 0046 01       		.byte	0x1
 316 0047 08       		.byte	0x8
 317 0048 7C000000 		.4byte	.LASF2
 318 004c 04       		.uleb128 0x4
 319 004d 02       		.byte	0x2
 320 004e 05       		.byte	0x5
 321 004f AF010000 		.4byte	.LASF3
 322 0053 04       		.uleb128 0x4
 323 0054 02       		.byte	0x2
 324 0055 07       		.byte	0x7
 325 0056 37000000 		.4byte	.LASF4
 326 005a 04       		.uleb128 0x4
 327 005b 04       		.byte	0x4
 328 005c 05       		.byte	0x5
 329 005d CE010000 		.4byte	.LASF5
 330 0061 04       		.uleb128 0x4
ARM GAS  C:\Users\GARUBA~1\AppData\Local\Temp\ccSH3oDY.s 			page 12


 331 0062 04       		.byte	0x4
 332 0063 07       		.byte	0x7
 333 0064 5A000000 		.4byte	.LASF6
 334 0068 04       		.uleb128 0x4
 335 0069 08       		.byte	0x8
 336 006a 05       		.byte	0x5
 337 006b 0E010000 		.4byte	.LASF7
 338 006f 04       		.uleb128 0x4
 339 0070 08       		.byte	0x8
 340 0071 07       		.byte	0x7
 341 0072 D4000000 		.4byte	.LASF8
 342 0076 04       		.uleb128 0x4
 343 0077 04       		.byte	0x4
 344 0078 07       		.byte	0x7
 345 0079 05010000 		.4byte	.LASF9
 346 007d 05       		.uleb128 0x5
 347 007e 04       		.byte	0x4
 348 007f 06       		.uleb128 0x6
 349 0080 04       		.byte	0x4
 350 0081 85000000 		.4byte	0x85
 351 0085 07       		.uleb128 0x7
 352 0086 04       		.uleb128 0x4
 353 0087 01       		.byte	0x1
 354 0088 08       		.byte	0x8
 355 0089 1C010000 		.4byte	.LASF10
 356 008d 08       		.uleb128 0x8
 357 008e 6C000000 		.4byte	.LASF12
 358 0092 03       		.byte	0x3
 359 0093 B901     		.2byte	0x1b9
 360 0095 45000000 		.4byte	0x45
 361 0099 08       		.uleb128 0x8
 362 009a A4000000 		.4byte	.LASF13
 363 009e 03       		.byte	0x3
 364 009f BA01     		.2byte	0x1ba
 365 00a1 53000000 		.4byte	0x53
 366 00a5 08       		.uleb128 0x8
 367 00a6 AB000000 		.4byte	.LASF14
 368 00aa 03       		.byte	0x3
 369 00ab BB01     		.2byte	0x1bb
 370 00ad 61000000 		.4byte	0x61
 371 00b1 04       		.uleb128 0x4
 372 00b2 04       		.byte	0x4
 373 00b3 04       		.byte	0x4
 374 00b4 4A000000 		.4byte	.LASF15
 375 00b8 04       		.uleb128 0x4
 376 00b9 08       		.byte	0x8
 377 00ba 04       		.byte	0x4
 378 00bb 91000000 		.4byte	.LASF16
 379 00bf 08       		.uleb128 0x8
 380 00c0 55000000 		.4byte	.LASF17
 381 00c4 03       		.byte	0x3
 382 00c5 6302     		.2byte	0x263
 383 00c7 CB000000 		.4byte	0xcb
 384 00cb 09       		.uleb128 0x9
 385 00cc 8D000000 		.4byte	0x8d
 386 00d0 08       		.uleb128 0x8
 387 00d1 00000000 		.4byte	.LASF18
ARM GAS  C:\Users\GARUBA~1\AppData\Local\Temp\ccSH3oDY.s 			page 13


 388 00d5 03       		.byte	0x3
 389 00d6 6502     		.2byte	0x265
 390 00d8 DC000000 		.4byte	0xdc
 391 00dc 09       		.uleb128 0x9
 392 00dd A5000000 		.4byte	0xa5
 393 00e1 08       		.uleb128 0x8
 394 00e2 EB000000 		.4byte	.LASF19
 395 00e6 03       		.byte	0x3
 396 00e7 7502     		.2byte	0x275
 397 00e9 7F000000 		.4byte	0x7f
 398 00ed 0A       		.uleb128 0xa
 399 00ee 72000000 		.4byte	.LASF20
 400 00f2 01       		.byte	0x1
 401 00f3 3E       		.byte	0x3e
 402 00f4 00000000 		.4byte	.LFB0
 403 00f8 0C000000 		.4byte	.LFE0-.LFB0
 404 00fc 01       		.uleb128 0x1
 405 00fd 9C       		.byte	0x9c
 406 00fe 3A010000 		.4byte	0x13a
 407 0102 0B       		.uleb128 0xb
 408 0103 7300     		.ascii	"s\000"
 409 0105 01       		.byte	0x1
 410 0106 3E       		.byte	0x3e
 411 0107 7D000000 		.4byte	0x7d
 412 010b 00000000 		.4byte	.LLST0
 413 010f 0B       		.uleb128 0xb
 414 0110 6E00     		.ascii	"n\000"
 415 0112 01       		.byte	0x1
 416 0113 3E       		.byte	0x3e
 417 0114 2C000000 		.4byte	0x2c
 418 0118 21000000 		.4byte	.LLST1
 419 011c 0C       		.uleb128 0xc
 420 011d 0A000000 		.4byte	.LVL2
 421 0121 3E020000 		.4byte	0x23e
 422 0125 0D       		.uleb128 0xd
 423 0126 01       		.uleb128 0x1
 424 0127 52       		.byte	0x52
 425 0128 03       		.uleb128 0x3
 426 0129 F3       		.byte	0xf3
 427 012a 01       		.uleb128 0x1
 428 012b 51       		.byte	0x51
 429 012c 0D       		.uleb128 0xd
 430 012d 01       		.uleb128 0x1
 431 012e 51       		.byte	0x51
 432 012f 01       		.uleb128 0x1
 433 0130 30       		.byte	0x30
 434 0131 0D       		.uleb128 0xd
 435 0132 01       		.uleb128 0x1
 436 0133 50       		.byte	0x50
 437 0134 03       		.uleb128 0x3
 438 0135 F3       		.byte	0xf3
 439 0136 01       		.uleb128 0x1
 440 0137 50       		.byte	0x50
 441 0138 00       		.byte	0
 442 0139 00       		.byte	0
 443 013a 0A       		.uleb128 0xa
 444 013b 2C000000 		.4byte	.LASF21
ARM GAS  C:\Users\GARUBA~1\AppData\Local\Temp\ccSH3oDY.s 			page 14


 445 013f 01       		.byte	0x1
 446 0140 9C       		.byte	0x9c
 447 0141 00000000 		.4byte	.LFB3
 448 0145 88000000 		.4byte	.LFE3-.LFB3
 449 0149 01       		.uleb128 0x1
 450 014a 9C       		.byte	0x9c
 451 014b 85010000 		.4byte	0x185
 452 014f 0E       		.uleb128 0xe
 453 0150 14000000 		.4byte	.LVL3
 454 0154 5B020000 		.4byte	0x25b
 455 0158 62010000 		.4byte	0x162
 456 015c 0D       		.uleb128 0xd
 457 015d 01       		.uleb128 0x1
 458 015e 50       		.byte	0x50
 459 015f 01       		.uleb128 0x1
 460 0160 48       		.byte	0x48
 461 0161 00       		.byte	0
 462 0162 0E       		.uleb128 0xe
 463 0163 4C000000 		.4byte	.LVL4
 464 0167 6C020000 		.4byte	0x26c
 465 016b 75010000 		.4byte	0x175
 466 016f 0D       		.uleb128 0xd
 467 0170 01       		.uleb128 0x1
 468 0171 50       		.byte	0x50
 469 0172 01       		.uleb128 0x1
 470 0173 39       		.byte	0x39
 471 0174 00       		.byte	0
 472 0175 0C       		.uleb128 0xc
 473 0176 52000000 		.4byte	.LVL5
 474 017a 86020000 		.4byte	0x286
 475 017e 0D       		.uleb128 0xd
 476 017f 01       		.uleb128 0x1
 477 0180 50       		.byte	0x50
 478 0181 01       		.uleb128 0x1
 479 0182 39       		.byte	0x39
 480 0183 00       		.byte	0
 481 0184 00       		.byte	0
 482 0185 0F       		.uleb128 0xf
 483 0186 BF000000 		.4byte	.LASF31
 484 018a 01       		.byte	0x1
 485 018b EB       		.byte	0xeb
 486 018c 88000000 		.4byte	.LFB5
 487 0190 C0000000 		.4byte	.LFE5-.LFB5
 488 0194 01       		.uleb128 0x1
 489 0195 9C       		.byte	0x9c
 490 0196 3E020000 		.4byte	0x23e
 491 019a 10       		.uleb128 0x10
 492 019b 8C000000 		.4byte	.LBB2
 493 019f 60000000 		.4byte	.LBE2-.LBB2
 494 01a3 34020000 		.4byte	0x234
 495 01a7 11       		.uleb128 0x11
 496 01a8 06       		.byte	0x6
 497 01a9 01       		.byte	0x1
 498 01aa F2       		.byte	0xf2
 499 01ab C8010000 		.4byte	0x1c8
 500 01af 12       		.uleb128 0x12
 501 01b0 CC000000 		.4byte	.LASF22
ARM GAS  C:\Users\GARUBA~1\AppData\Local\Temp\ccSH3oDY.s 			page 15


 502 01b4 01       		.byte	0x1
 503 01b5 F3       		.byte	0xf3
 504 01b6 7D000000 		.4byte	0x7d
 505 01ba 00       		.byte	0
 506 01bb 12       		.uleb128 0x12
 507 01bc 50000000 		.4byte	.LASF23
 508 01c0 01       		.byte	0x1
 509 01c1 F4       		.byte	0xf4
 510 01c2 99000000 		.4byte	0x99
 511 01c6 04       		.byte	0x4
 512 01c7 00       		.byte	0
 513 01c8 03       		.uleb128 0x3
 514 01c9 F8000000 		.4byte	.LASF24
 515 01cd 01       		.byte	0x1
 516 01ce F5       		.byte	0xf5
 517 01cf A7010000 		.4byte	0x1a7
 518 01d3 13       		.uleb128 0x13
 519 01d4 C8010000 		.4byte	0x1c8
 520 01d8 E3010000 		.4byte	0x1e3
 521 01dc 14       		.uleb128 0x14
 522 01dd 76000000 		.4byte	0x76
 523 01e1 01       		.byte	0x1
 524 01e2 00       		.byte	0
 525 01e3 15       		.uleb128 0x15
 526 01e4 1C000000 		.4byte	.LASF25
 527 01e8 01       		.byte	0x1
 528 01e9 F7       		.byte	0xf7
 529 01ea F4010000 		.4byte	0x1f4
 530 01ee 05       		.uleb128 0x5
 531 01ef 03       		.byte	0x3
 532 01f0 00000000 		.4byte	cfg_memset_list.4725
 533 01f4 16       		.uleb128 0x16
 534 01f5 D3010000 		.4byte	0x1d3
 535 01f9 17       		.uleb128 0x17
 536 01fa 6900     		.ascii	"i\000"
 537 01fc 01       		.byte	0x1
 538 01fd FD       		.byte	0xfd
 539 01fe 8D000000 		.4byte	0x8d
 540 0202 4D000000 		.4byte	.LLST2
 541 0206 18       		.uleb128 0x18
 542 0207 90000000 		.4byte	.LBB3
 543 020b 1E000000 		.4byte	.LBE3-.LBB3
 544 020f 19       		.uleb128 0x19
 545 0210 6D7300   		.ascii	"ms\000"
 546 0213 01       		.byte	0x1
 547 0214 0201     		.2byte	0x102
 548 0216 1E020000 		.4byte	0x21e
 549 021a 77000000 		.4byte	.LLST3
 550 021e 06       		.uleb128 0x6
 551 021f 04       		.byte	0x4
 552 0220 24020000 		.4byte	0x224
 553 0224 16       		.uleb128 0x16
 554 0225 C8010000 		.4byte	0x1c8
 555 0229 1A       		.uleb128 0x1a
 556 022a AE000000 		.4byte	.LVL8
 557 022e ED000000 		.4byte	0xed
 558 0232 00       		.byte	0
ARM GAS  C:\Users\GARUBA~1\AppData\Local\Temp\ccSH3oDY.s 			page 16


 559 0233 00       		.byte	0
 560 0234 1A       		.uleb128 0x1a
 561 0235 0C010000 		.4byte	.LVL12
 562 0239 3A010000 		.4byte	0x13a
 563 023d 00       		.byte	0
 564 023e 1B       		.uleb128 0x1b
 565 023f 8A000000 		.4byte	.LASF26
 566 0243 7D000000 		.4byte	0x7d
 567 0247 5B020000 		.4byte	0x25b
 568 024b 1C       		.uleb128 0x1c
 569 024c 7D000000 		.4byte	0x7d
 570 0250 1C       		.uleb128 0x1c
 571 0251 25000000 		.4byte	0x25
 572 0255 1C       		.uleb128 0x1c
 573 0256 76000000 		.4byte	0x76
 574 025a 00       		.byte	0
 575 025b 1D       		.uleb128 0x1d
 576 025c B9010000 		.4byte	.LASF27
 577 0260 04       		.byte	0x4
 578 0261 6C       		.byte	0x6c
 579 0262 6C020000 		.4byte	0x26c
 580 0266 1C       		.uleb128 0x1c
 581 0267 A5000000 		.4byte	0xa5
 582 026b 00       		.byte	0
 583 026c 1E       		.uleb128 0x1e
 584 026d 0D000000 		.4byte	.LASF32
 585 0271 04       		.byte	0x4
 586 0272 BD       		.byte	0xbd
 587 0273 E1000000 		.4byte	0xe1
 588 0277 86020000 		.4byte	0x286
 589 027b 1C       		.uleb128 0x1c
 590 027c 8D000000 		.4byte	0x8d
 591 0280 1C       		.uleb128 0x1c
 592 0281 E1000000 		.4byte	0xe1
 593 0285 00       		.byte	0
 594 0286 1F       		.uleb128 0x1f
 595 0287 98000000 		.4byte	.LASF33
 596 028b 04       		.byte	0x4
 597 028c C3       		.byte	0xc3
 598 028d 1C       		.uleb128 0x1c
 599 028e 8D000000 		.4byte	0x8d
 600 0292 00       		.byte	0
 601 0293 00       		.byte	0
 602              		.section	.debug_abbrev,"",%progbits
 603              	.Ldebug_abbrev0:
 604 0000 01       		.uleb128 0x1
 605 0001 11       		.uleb128 0x11
 606 0002 01       		.byte	0x1
 607 0003 25       		.uleb128 0x25
 608 0004 0E       		.uleb128 0xe
 609 0005 13       		.uleb128 0x13
 610 0006 0B       		.uleb128 0xb
 611 0007 03       		.uleb128 0x3
 612 0008 0E       		.uleb128 0xe
 613 0009 1B       		.uleb128 0x1b
 614 000a 0E       		.uleb128 0xe
 615 000b 55       		.uleb128 0x55
ARM GAS  C:\Users\GARUBA~1\AppData\Local\Temp\ccSH3oDY.s 			page 17


 616 000c 17       		.uleb128 0x17
 617 000d 11       		.uleb128 0x11
 618 000e 01       		.uleb128 0x1
 619 000f 10       		.uleb128 0x10
 620 0010 17       		.uleb128 0x17
 621 0011 00       		.byte	0
 622 0012 00       		.byte	0
 623 0013 02       		.uleb128 0x2
 624 0014 24       		.uleb128 0x24
 625 0015 00       		.byte	0
 626 0016 0B       		.uleb128 0xb
 627 0017 0B       		.uleb128 0xb
 628 0018 3E       		.uleb128 0x3e
 629 0019 0B       		.uleb128 0xb
 630 001a 03       		.uleb128 0x3
 631 001b 08       		.uleb128 0x8
 632 001c 00       		.byte	0
 633 001d 00       		.byte	0
 634 001e 03       		.uleb128 0x3
 635 001f 16       		.uleb128 0x16
 636 0020 00       		.byte	0
 637 0021 03       		.uleb128 0x3
 638 0022 0E       		.uleb128 0xe
 639 0023 3A       		.uleb128 0x3a
 640 0024 0B       		.uleb128 0xb
 641 0025 3B       		.uleb128 0x3b
 642 0026 0B       		.uleb128 0xb
 643 0027 49       		.uleb128 0x49
 644 0028 13       		.uleb128 0x13
 645 0029 00       		.byte	0
 646 002a 00       		.byte	0
 647 002b 04       		.uleb128 0x4
 648 002c 24       		.uleb128 0x24
 649 002d 00       		.byte	0
 650 002e 0B       		.uleb128 0xb
 651 002f 0B       		.uleb128 0xb
 652 0030 3E       		.uleb128 0x3e
 653 0031 0B       		.uleb128 0xb
 654 0032 03       		.uleb128 0x3
 655 0033 0E       		.uleb128 0xe
 656 0034 00       		.byte	0
 657 0035 00       		.byte	0
 658 0036 05       		.uleb128 0x5
 659 0037 0F       		.uleb128 0xf
 660 0038 00       		.byte	0
 661 0039 0B       		.uleb128 0xb
 662 003a 0B       		.uleb128 0xb
 663 003b 00       		.byte	0
 664 003c 00       		.byte	0
 665 003d 06       		.uleb128 0x6
 666 003e 0F       		.uleb128 0xf
 667 003f 00       		.byte	0
 668 0040 0B       		.uleb128 0xb
 669 0041 0B       		.uleb128 0xb
 670 0042 49       		.uleb128 0x49
 671 0043 13       		.uleb128 0x13
 672 0044 00       		.byte	0
ARM GAS  C:\Users\GARUBA~1\AppData\Local\Temp\ccSH3oDY.s 			page 18


 673 0045 00       		.byte	0
 674 0046 07       		.uleb128 0x7
 675 0047 15       		.uleb128 0x15
 676 0048 00       		.byte	0
 677 0049 27       		.uleb128 0x27
 678 004a 19       		.uleb128 0x19
 679 004b 00       		.byte	0
 680 004c 00       		.byte	0
 681 004d 08       		.uleb128 0x8
 682 004e 16       		.uleb128 0x16
 683 004f 00       		.byte	0
 684 0050 03       		.uleb128 0x3
 685 0051 0E       		.uleb128 0xe
 686 0052 3A       		.uleb128 0x3a
 687 0053 0B       		.uleb128 0xb
 688 0054 3B       		.uleb128 0x3b
 689 0055 05       		.uleb128 0x5
 690 0056 49       		.uleb128 0x49
 691 0057 13       		.uleb128 0x13
 692 0058 00       		.byte	0
 693 0059 00       		.byte	0
 694 005a 09       		.uleb128 0x9
 695 005b 35       		.uleb128 0x35
 696 005c 00       		.byte	0
 697 005d 49       		.uleb128 0x49
 698 005e 13       		.uleb128 0x13
 699 005f 00       		.byte	0
 700 0060 00       		.byte	0
 701 0061 0A       		.uleb128 0xa
 702 0062 2E       		.uleb128 0x2e
 703 0063 01       		.byte	0x1
 704 0064 03       		.uleb128 0x3
 705 0065 0E       		.uleb128 0xe
 706 0066 3A       		.uleb128 0x3a
 707 0067 0B       		.uleb128 0xb
 708 0068 3B       		.uleb128 0x3b
 709 0069 0B       		.uleb128 0xb
 710 006a 27       		.uleb128 0x27
 711 006b 19       		.uleb128 0x19
 712 006c 11       		.uleb128 0x11
 713 006d 01       		.uleb128 0x1
 714 006e 12       		.uleb128 0x12
 715 006f 06       		.uleb128 0x6
 716 0070 40       		.uleb128 0x40
 717 0071 18       		.uleb128 0x18
 718 0072 9742     		.uleb128 0x2117
 719 0074 19       		.uleb128 0x19
 720 0075 01       		.uleb128 0x1
 721 0076 13       		.uleb128 0x13
 722 0077 00       		.byte	0
 723 0078 00       		.byte	0
 724 0079 0B       		.uleb128 0xb
 725 007a 05       		.uleb128 0x5
 726 007b 00       		.byte	0
 727 007c 03       		.uleb128 0x3
 728 007d 08       		.uleb128 0x8
 729 007e 3A       		.uleb128 0x3a
ARM GAS  C:\Users\GARUBA~1\AppData\Local\Temp\ccSH3oDY.s 			page 19


 730 007f 0B       		.uleb128 0xb
 731 0080 3B       		.uleb128 0x3b
 732 0081 0B       		.uleb128 0xb
 733 0082 49       		.uleb128 0x49
 734 0083 13       		.uleb128 0x13
 735 0084 02       		.uleb128 0x2
 736 0085 17       		.uleb128 0x17
 737 0086 00       		.byte	0
 738 0087 00       		.byte	0
 739 0088 0C       		.uleb128 0xc
 740 0089 898201   		.uleb128 0x4109
 741 008c 01       		.byte	0x1
 742 008d 11       		.uleb128 0x11
 743 008e 01       		.uleb128 0x1
 744 008f 31       		.uleb128 0x31
 745 0090 13       		.uleb128 0x13
 746 0091 00       		.byte	0
 747 0092 00       		.byte	0
 748 0093 0D       		.uleb128 0xd
 749 0094 8A8201   		.uleb128 0x410a
 750 0097 00       		.byte	0
 751 0098 02       		.uleb128 0x2
 752 0099 18       		.uleb128 0x18
 753 009a 9142     		.uleb128 0x2111
 754 009c 18       		.uleb128 0x18
 755 009d 00       		.byte	0
 756 009e 00       		.byte	0
 757 009f 0E       		.uleb128 0xe
 758 00a0 898201   		.uleb128 0x4109
 759 00a3 01       		.byte	0x1
 760 00a4 11       		.uleb128 0x11
 761 00a5 01       		.uleb128 0x1
 762 00a6 31       		.uleb128 0x31
 763 00a7 13       		.uleb128 0x13
 764 00a8 01       		.uleb128 0x1
 765 00a9 13       		.uleb128 0x13
 766 00aa 00       		.byte	0
 767 00ab 00       		.byte	0
 768 00ac 0F       		.uleb128 0xf
 769 00ad 2E       		.uleb128 0x2e
 770 00ae 01       		.byte	0x1
 771 00af 3F       		.uleb128 0x3f
 772 00b0 19       		.uleb128 0x19
 773 00b1 03       		.uleb128 0x3
 774 00b2 0E       		.uleb128 0xe
 775 00b3 3A       		.uleb128 0x3a
 776 00b4 0B       		.uleb128 0xb
 777 00b5 3B       		.uleb128 0x3b
 778 00b6 0B       		.uleb128 0xb
 779 00b7 27       		.uleb128 0x27
 780 00b8 19       		.uleb128 0x19
 781 00b9 11       		.uleb128 0x11
 782 00ba 01       		.uleb128 0x1
 783 00bb 12       		.uleb128 0x12
 784 00bc 06       		.uleb128 0x6
 785 00bd 40       		.uleb128 0x40
 786 00be 18       		.uleb128 0x18
ARM GAS  C:\Users\GARUBA~1\AppData\Local\Temp\ccSH3oDY.s 			page 20


 787 00bf 9742     		.uleb128 0x2117
 788 00c1 19       		.uleb128 0x19
 789 00c2 01       		.uleb128 0x1
 790 00c3 13       		.uleb128 0x13
 791 00c4 00       		.byte	0
 792 00c5 00       		.byte	0
 793 00c6 10       		.uleb128 0x10
 794 00c7 0B       		.uleb128 0xb
 795 00c8 01       		.byte	0x1
 796 00c9 11       		.uleb128 0x11
 797 00ca 01       		.uleb128 0x1
 798 00cb 12       		.uleb128 0x12
 799 00cc 06       		.uleb128 0x6
 800 00cd 01       		.uleb128 0x1
 801 00ce 13       		.uleb128 0x13
 802 00cf 00       		.byte	0
 803 00d0 00       		.byte	0
 804 00d1 11       		.uleb128 0x11
 805 00d2 13       		.uleb128 0x13
 806 00d3 01       		.byte	0x1
 807 00d4 0B       		.uleb128 0xb
 808 00d5 0B       		.uleb128 0xb
 809 00d6 3A       		.uleb128 0x3a
 810 00d7 0B       		.uleb128 0xb
 811 00d8 3B       		.uleb128 0x3b
 812 00d9 0B       		.uleb128 0xb
 813 00da 01       		.uleb128 0x1
 814 00db 13       		.uleb128 0x13
 815 00dc 00       		.byte	0
 816 00dd 00       		.byte	0
 817 00de 12       		.uleb128 0x12
 818 00df 0D       		.uleb128 0xd
 819 00e0 00       		.byte	0
 820 00e1 03       		.uleb128 0x3
 821 00e2 0E       		.uleb128 0xe
 822 00e3 3A       		.uleb128 0x3a
 823 00e4 0B       		.uleb128 0xb
 824 00e5 3B       		.uleb128 0x3b
 825 00e6 0B       		.uleb128 0xb
 826 00e7 49       		.uleb128 0x49
 827 00e8 13       		.uleb128 0x13
 828 00e9 38       		.uleb128 0x38
 829 00ea 0B       		.uleb128 0xb
 830 00eb 00       		.byte	0
 831 00ec 00       		.byte	0
 832 00ed 13       		.uleb128 0x13
 833 00ee 01       		.uleb128 0x1
 834 00ef 01       		.byte	0x1
 835 00f0 49       		.uleb128 0x49
 836 00f1 13       		.uleb128 0x13
 837 00f2 01       		.uleb128 0x1
 838 00f3 13       		.uleb128 0x13
 839 00f4 00       		.byte	0
 840 00f5 00       		.byte	0
 841 00f6 14       		.uleb128 0x14
 842 00f7 21       		.uleb128 0x21
 843 00f8 00       		.byte	0
ARM GAS  C:\Users\GARUBA~1\AppData\Local\Temp\ccSH3oDY.s 			page 21


 844 00f9 49       		.uleb128 0x49
 845 00fa 13       		.uleb128 0x13
 846 00fb 2F       		.uleb128 0x2f
 847 00fc 0B       		.uleb128 0xb
 848 00fd 00       		.byte	0
 849 00fe 00       		.byte	0
 850 00ff 15       		.uleb128 0x15
 851 0100 34       		.uleb128 0x34
 852 0101 00       		.byte	0
 853 0102 03       		.uleb128 0x3
 854 0103 0E       		.uleb128 0xe
 855 0104 3A       		.uleb128 0x3a
 856 0105 0B       		.uleb128 0xb
 857 0106 3B       		.uleb128 0x3b
 858 0107 0B       		.uleb128 0xb
 859 0108 49       		.uleb128 0x49
 860 0109 13       		.uleb128 0x13
 861 010a 02       		.uleb128 0x2
 862 010b 18       		.uleb128 0x18
 863 010c 00       		.byte	0
 864 010d 00       		.byte	0
 865 010e 16       		.uleb128 0x16
 866 010f 26       		.uleb128 0x26
 867 0110 00       		.byte	0
 868 0111 49       		.uleb128 0x49
 869 0112 13       		.uleb128 0x13
 870 0113 00       		.byte	0
 871 0114 00       		.byte	0
 872 0115 17       		.uleb128 0x17
 873 0116 34       		.uleb128 0x34
 874 0117 00       		.byte	0
 875 0118 03       		.uleb128 0x3
 876 0119 08       		.uleb128 0x8
 877 011a 3A       		.uleb128 0x3a
 878 011b 0B       		.uleb128 0xb
 879 011c 3B       		.uleb128 0x3b
 880 011d 0B       		.uleb128 0xb
 881 011e 49       		.uleb128 0x49
 882 011f 13       		.uleb128 0x13
 883 0120 02       		.uleb128 0x2
 884 0121 17       		.uleb128 0x17
 885 0122 00       		.byte	0
 886 0123 00       		.byte	0
 887 0124 18       		.uleb128 0x18
 888 0125 0B       		.uleb128 0xb
 889 0126 01       		.byte	0x1
 890 0127 11       		.uleb128 0x11
 891 0128 01       		.uleb128 0x1
 892 0129 12       		.uleb128 0x12
 893 012a 06       		.uleb128 0x6
 894 012b 00       		.byte	0
 895 012c 00       		.byte	0
 896 012d 19       		.uleb128 0x19
 897 012e 34       		.uleb128 0x34
 898 012f 00       		.byte	0
 899 0130 03       		.uleb128 0x3
 900 0131 08       		.uleb128 0x8
ARM GAS  C:\Users\GARUBA~1\AppData\Local\Temp\ccSH3oDY.s 			page 22


 901 0132 3A       		.uleb128 0x3a
 902 0133 0B       		.uleb128 0xb
 903 0134 3B       		.uleb128 0x3b
 904 0135 05       		.uleb128 0x5
 905 0136 49       		.uleb128 0x49
 906 0137 13       		.uleb128 0x13
 907 0138 02       		.uleb128 0x2
 908 0139 17       		.uleb128 0x17
 909 013a 00       		.byte	0
 910 013b 00       		.byte	0
 911 013c 1A       		.uleb128 0x1a
 912 013d 898201   		.uleb128 0x4109
 913 0140 00       		.byte	0
 914 0141 11       		.uleb128 0x11
 915 0142 01       		.uleb128 0x1
 916 0143 31       		.uleb128 0x31
 917 0144 13       		.uleb128 0x13
 918 0145 00       		.byte	0
 919 0146 00       		.byte	0
 920 0147 1B       		.uleb128 0x1b
 921 0148 2E       		.uleb128 0x2e
 922 0149 01       		.byte	0x1
 923 014a 3F       		.uleb128 0x3f
 924 014b 19       		.uleb128 0x19
 925 014c 03       		.uleb128 0x3
 926 014d 0E       		.uleb128 0xe
 927 014e 27       		.uleb128 0x27
 928 014f 19       		.uleb128 0x19
 929 0150 49       		.uleb128 0x49
 930 0151 13       		.uleb128 0x13
 931 0152 34       		.uleb128 0x34
 932 0153 19       		.uleb128 0x19
 933 0154 3C       		.uleb128 0x3c
 934 0155 19       		.uleb128 0x19
 935 0156 01       		.uleb128 0x1
 936 0157 13       		.uleb128 0x13
 937 0158 00       		.byte	0
 938 0159 00       		.byte	0
 939 015a 1C       		.uleb128 0x1c
 940 015b 05       		.uleb128 0x5
 941 015c 00       		.byte	0
 942 015d 49       		.uleb128 0x49
 943 015e 13       		.uleb128 0x13
 944 015f 00       		.byte	0
 945 0160 00       		.byte	0
 946 0161 1D       		.uleb128 0x1d
 947 0162 2E       		.uleb128 0x2e
 948 0163 01       		.byte	0x1
 949 0164 3F       		.uleb128 0x3f
 950 0165 19       		.uleb128 0x19
 951 0166 03       		.uleb128 0x3
 952 0167 0E       		.uleb128 0xe
 953 0168 3A       		.uleb128 0x3a
 954 0169 0B       		.uleb128 0xb
 955 016a 3B       		.uleb128 0x3b
 956 016b 0B       		.uleb128 0xb
 957 016c 27       		.uleb128 0x27
ARM GAS  C:\Users\GARUBA~1\AppData\Local\Temp\ccSH3oDY.s 			page 23


 958 016d 19       		.uleb128 0x19
 959 016e 3C       		.uleb128 0x3c
 960 016f 19       		.uleb128 0x19
 961 0170 01       		.uleb128 0x1
 962 0171 13       		.uleb128 0x13
 963 0172 00       		.byte	0
 964 0173 00       		.byte	0
 965 0174 1E       		.uleb128 0x1e
 966 0175 2E       		.uleb128 0x2e
 967 0176 01       		.byte	0x1
 968 0177 3F       		.uleb128 0x3f
 969 0178 19       		.uleb128 0x19
 970 0179 03       		.uleb128 0x3
 971 017a 0E       		.uleb128 0xe
 972 017b 3A       		.uleb128 0x3a
 973 017c 0B       		.uleb128 0xb
 974 017d 3B       		.uleb128 0x3b
 975 017e 0B       		.uleb128 0xb
 976 017f 27       		.uleb128 0x27
 977 0180 19       		.uleb128 0x19
 978 0181 49       		.uleb128 0x49
 979 0182 13       		.uleb128 0x13
 980 0183 3C       		.uleb128 0x3c
 981 0184 19       		.uleb128 0x19
 982 0185 01       		.uleb128 0x1
 983 0186 13       		.uleb128 0x13
 984 0187 00       		.byte	0
 985 0188 00       		.byte	0
 986 0189 1F       		.uleb128 0x1f
 987 018a 2E       		.uleb128 0x2e
 988 018b 01       		.byte	0x1
 989 018c 3F       		.uleb128 0x3f
 990 018d 19       		.uleb128 0x19
 991 018e 03       		.uleb128 0x3
 992 018f 0E       		.uleb128 0xe
 993 0190 3A       		.uleb128 0x3a
 994 0191 0B       		.uleb128 0xb
 995 0192 3B       		.uleb128 0x3b
 996 0193 0B       		.uleb128 0xb
 997 0194 27       		.uleb128 0x27
 998 0195 19       		.uleb128 0x19
 999 0196 3C       		.uleb128 0x3c
 1000 0197 19       		.uleb128 0x19
 1001 0198 00       		.byte	0
 1002 0199 00       		.byte	0
 1003 019a 00       		.byte	0
 1004              		.section	.debug_loc,"",%progbits
 1005              	.Ldebug_loc0:
 1006              	.LLST0:
 1007 0000 00000000 		.4byte	.LVL0
 1008 0004 09000000 		.4byte	.LVL2-1
 1009 0008 0100     		.2byte	0x1
 1010 000a 50       		.byte	0x50
 1011 000b 09000000 		.4byte	.LVL2-1
 1012 000f 0C000000 		.4byte	.LFE0
 1013 0013 0400     		.2byte	0x4
 1014 0015 F3       		.byte	0xf3
ARM GAS  C:\Users\GARUBA~1\AppData\Local\Temp\ccSH3oDY.s 			page 24


 1015 0016 01       		.uleb128 0x1
 1016 0017 50       		.byte	0x50
 1017 0018 9F       		.byte	0x9f
 1018 0019 00000000 		.4byte	0
 1019 001d 00000000 		.4byte	0
 1020              	.LLST1:
 1021 0021 00000000 		.4byte	.LVL0
 1022 0025 06000000 		.4byte	.LVL1
 1023 0029 0100     		.2byte	0x1
 1024 002b 51       		.byte	0x51
 1025 002c 06000000 		.4byte	.LVL1
 1026 0030 09000000 		.4byte	.LVL2-1
 1027 0034 0100     		.2byte	0x1
 1028 0036 52       		.byte	0x52
 1029 0037 09000000 		.4byte	.LVL2-1
 1030 003b 0C000000 		.4byte	.LFE0
 1031 003f 0400     		.2byte	0x4
 1032 0041 F3       		.byte	0xf3
 1033 0042 01       		.uleb128 0x1
 1034 0043 51       		.byte	0x51
 1035 0044 9F       		.byte	0x9f
 1036 0045 00000000 		.4byte	0
 1037 0049 00000000 		.4byte	0
 1038              	.LLST2:
 1039 004d 8C000000 		.4byte	.LVL6
 1040 0051 90000000 		.4byte	.LVL7
 1041 0055 0200     		.2byte	0x2
 1042 0057 30       		.byte	0x30
 1043 0058 9F       		.byte	0x9f
 1044 0059 90000000 		.4byte	.LVL7
 1045 005d B0000000 		.4byte	.LVL9
 1046 0061 0100     		.2byte	0x1
 1047 0063 54       		.byte	0x54
 1048 0064 B2000000 		.4byte	.LVL10
 1049 0068 D8000000 		.4byte	.LVL11
 1050 006c 0100     		.2byte	0x1
 1051 006e 54       		.byte	0x54
 1052 006f 00000000 		.4byte	0
 1053 0073 00000000 		.4byte	0
 1054              	.LLST3:
 1055 0077 90000000 		.4byte	.LVL7
 1056 007b B0000000 		.4byte	.LVL9
 1057 007f 0B00     		.2byte	0xb
 1058 0081 74       		.byte	0x74
 1059 0082 00       		.sleb128 0
 1060 0083 36       		.byte	0x36
 1061 0084 1E       		.byte	0x1e
 1062 0085 03       		.byte	0x3
 1063 0086 00000000 		.4byte	cfg_memset_list.4725
 1064 008a 22       		.byte	0x22
 1065 008b 9F       		.byte	0x9f
 1066 008c B0000000 		.4byte	.LVL9
 1067 0090 B2000000 		.4byte	.LVL10
 1068 0094 0B00     		.2byte	0xb
 1069 0096 74       		.byte	0x74
 1070 0097 7F       		.sleb128 -1
 1071 0098 36       		.byte	0x36
ARM GAS  C:\Users\GARUBA~1\AppData\Local\Temp\ccSH3oDY.s 			page 25


 1072 0099 1E       		.byte	0x1e
 1073 009a 03       		.byte	0x3
 1074 009b 00000000 		.4byte	cfg_memset_list.4725
 1075 009f 22       		.byte	0x22
 1076 00a0 9F       		.byte	0x9f
 1077 00a1 00000000 		.4byte	0
 1078 00a5 00000000 		.4byte	0
 1079              		.section	.debug_aranges,"",%progbits
 1080 0000 2C000000 		.4byte	0x2c
 1081 0004 0200     		.2byte	0x2
 1082 0006 00000000 		.4byte	.Ldebug_info0
 1083 000a 04       		.byte	0x4
 1084 000b 00       		.byte	0
 1085 000c 0000     		.2byte	0
 1086 000e 0000     		.2byte	0
 1087 0010 00000000 		.4byte	.LFB0
 1088 0014 0C000000 		.4byte	.LFE0-.LFB0
 1089 0018 00000000 		.4byte	.LFB3
 1090 001c 88000000 		.4byte	.LFE3-.LFB3
 1091 0020 88000000 		.4byte	.LFB5
 1092 0024 C0000000 		.4byte	.LFE5-.LFB5
 1093 0028 00000000 		.4byte	0
 1094 002c 00000000 		.4byte	0
 1095              		.section	.debug_ranges,"",%progbits
 1096              	.Ldebug_ranges0:
 1097 0000 00000000 		.4byte	.LFB0
 1098 0004 0C000000 		.4byte	.LFE0
 1099 0008 00000000 		.4byte	.LFB3
 1100 000c 88000000 		.4byte	.LFE3
 1101 0010 88000000 		.4byte	.LFB5
 1102 0014 48010000 		.4byte	.LFE5
 1103 0018 00000000 		.4byte	0
 1104 001c 00000000 		.4byte	0
 1105              		.section	.debug_line,"",%progbits
 1106              	.Ldebug_line0:
 1107 0000 32010000 		.section	.debug_str,"MS",%progbits,1
 1107      0200D600 
 1107      00000201 
 1107      FB0E0D00 
 1107      01010101 
 1108              	.LASF18:
 1109 0000 72656733 		.ascii	"reg32\000"
 1109      3200
 1110              	.LASF11:
 1111 0006 73697A65 		.ascii	"size_t\000"
 1111      5F7400
 1112              	.LASF32:
 1113 000d 4379496E 		.ascii	"CyIntSetVector\000"
 1113      74536574 
 1113      56656374 
 1113      6F7200
 1114              	.LASF25:
 1115 001c 6366675F 		.ascii	"cfg_memset_list\000"
 1115      6D656D73 
 1115      65745F6C 
 1115      69737400 
 1116              	.LASF21:
ARM GAS  C:\Users\GARUBA~1\AppData\Local\Temp\ccSH3oDY.s 			page 26


 1117 002c 436C6F63 		.ascii	"ClockSetup\000"
 1117      6B536574 
 1117      757000
 1118              	.LASF4:
 1119 0037 73686F72 		.ascii	"short unsigned int\000"
 1119      7420756E 
 1119      7369676E 
 1119      65642069 
 1119      6E7400
 1120              	.LASF15:
 1121 004a 666C6F61 		.ascii	"float\000"
 1121      7400
 1122              	.LASF23:
 1123 0050 73697A65 		.ascii	"size\000"
 1123      00
 1124              	.LASF17:
 1125 0055 72656738 		.ascii	"reg8\000"
 1125      00
 1126              	.LASF6:
 1127 005a 6C6F6E67 		.ascii	"long unsigned int\000"
 1127      20756E73 
 1127      69676E65 
 1127      6420696E 
 1127      7400
 1128              	.LASF12:
 1129 006c 75696E74 		.ascii	"uint8\000"
 1129      3800
 1130              	.LASF20:
 1131 0072 43594D45 		.ascii	"CYMEMZERO\000"
 1131      4D5A4552 
 1131      4F00
 1132              	.LASF2:
 1133 007c 756E7369 		.ascii	"unsigned char\000"
 1133      676E6564 
 1133      20636861 
 1133      7200
 1134              	.LASF26:
 1135 008a 6D656D73 		.ascii	"memset\000"
 1135      657400
 1136              	.LASF16:
 1137 0091 646F7562 		.ascii	"double\000"
 1137      6C6500
 1138              	.LASF33:
 1139 0098 4379496E 		.ascii	"CyIntEnable\000"
 1139      74456E61 
 1139      626C6500 
 1140              	.LASF13:
 1141 00a4 75696E74 		.ascii	"uint16\000"
 1141      313600
 1142              	.LASF14:
 1143 00ab 75696E74 		.ascii	"uint32\000"
 1143      333200
 1144              	.LASF0:
 1145 00b2 756E7369 		.ascii	"unsigned int\000"
 1145      676E6564 
 1145      20696E74 
 1145      00
ARM GAS  C:\Users\GARUBA~1\AppData\Local\Temp\ccSH3oDY.s 			page 27


 1146              	.LASF31:
 1147 00bf 63796669 		.ascii	"cyfitter_cfg\000"
 1147      74746572 
 1147      5F636667 
 1147      00
 1148              	.LASF22:
 1149 00cc 61646472 		.ascii	"address\000"
 1149      65737300 
 1150              	.LASF8:
 1151 00d4 6C6F6E67 		.ascii	"long long unsigned int\000"
 1151      206C6F6E 
 1151      6720756E 
 1151      7369676E 
 1151      65642069 
 1152              	.LASF19:
 1153 00eb 63796973 		.ascii	"cyisraddress\000"
 1153      72616464 
 1153      72657373 
 1153      00
 1154              	.LASF24:
 1155 00f8 6366675F 		.ascii	"cfg_memset_t\000"
 1155      6D656D73 
 1155      65745F74 
 1155      00
 1156              	.LASF9:
 1157 0105 73697A65 		.ascii	"sizetype\000"
 1157      74797065 
 1157      00
 1158              	.LASF7:
 1159 010e 6C6F6E67 		.ascii	"long long int\000"
 1159      206C6F6E 
 1159      6720696E 
 1159      7400
 1160              	.LASF10:
 1161 011c 63686172 		.ascii	"char\000"
 1161      00
 1162              	.LASF28:
 1163 0121 474E5520 		.ascii	"GNU C 4.9.3 20150303 (release) [ARM/embedded-4_9-br"
 1163      4320342E 
 1163      392E3320 
 1163      32303135 
 1163      30333033 
 1164 0154 616E6368 		.ascii	"anch revision 221220] -mcpu=cortex-m0 -mthumb -g -O"
 1164      20726576 
 1164      6973696F 
 1164      6E203232 
 1164      31323230 
 1165 0187 67202D66 		.ascii	"g -ffunction-sections -ffat-lto-objects\000"
 1165      66756E63 
 1165      74696F6E 
 1165      2D736563 
 1165      74696F6E 
 1166              	.LASF3:
 1167 01af 73686F72 		.ascii	"short int\000"
 1167      7420696E 
 1167      7400
 1168              	.LASF27:
ARM GAS  C:\Users\GARUBA~1\AppData\Local\Temp\ccSH3oDY.s 			page 28


 1169 01b9 43795379 		.ascii	"CySysClkWriteImoFreq\000"
 1169      73436C6B 
 1169      57726974 
 1169      65496D6F 
 1169      46726571 
 1170              	.LASF5:
 1171 01ce 6C6F6E67 		.ascii	"long int\000"
 1171      20696E74 
 1171      00
 1172              	.LASF1:
 1173 01d7 7369676E 		.ascii	"signed char\000"
 1173      65642063 
 1173      68617200 
 1174              	.LASF29:
 1175 01e3 47656E65 		.ascii	"Generated_Source\\PSoC4\\cyfitter_cfg.c\000"
 1175      72617465 
 1175      645F536F 
 1175      75726365 
 1175      5C50536F 
 1176              	.LASF30:
 1177 0209 433A5C55 		.ascii	"C:\\Users\\Garuba Abdulmalik\\Documents\\PSoC Creat"
 1177      73657273 
 1177      5C476172 
 1177      75626120 
 1177      41626475 
 1178 0238 6F725C50 		.ascii	"or\\PSOC GSM SERIAL Com\\2 UART TEST.cydsn\\EMA.cyd"
 1178      534F4320 
 1178      47534D20 
 1178      53455249 
 1178      414C2043 
 1179 0268 736E00   		.ascii	"sn\000"
 1180              		.ident	"GCC: (GNU Tools for ARM Embedded Processors) 4.9.3 20150303 (release) [ARM/embedded-4_9-br
