Archive member included because of file (symbol)

.\CortexM0\ARM_GCC_493\Debug\EMA.a(cyfitter_cfg.o)
                              .\CortexM0\ARM_GCC_493\Debug\Cm0Start.o (cyfitter_cfg)
.\CortexM0\ARM_GCC_493\Debug\EMA.a(UART.o)
                              .\CortexM0\ARM_GCC_493\Debug\main.o (UART_Start)
.\CortexM0\ARM_GCC_493\Debug\EMA.a(UART_UART.o)
                              .\CortexM0\ARM_GCC_493\Debug\EMA.a(UART.o) (UART_UartInit)
.\CortexM0\ARM_GCC_493\Debug\EMA.a(UART_isr.o)
                              .\CortexM0\ARM_GCC_493\Debug\isr.o (UART_isr_StartEx)
.\CortexM0\ARM_GCC_493\Debug\EMA.a(UARTT.o)
                              .\CortexM0\ARM_GCC_493\Debug\main.o (UARTT_Start)
.\CortexM0\ARM_GCC_493\Debug\EMA.a(UARTT_UART.o)
                              .\CortexM0\ARM_GCC_493\Debug\EMA.a(UARTT.o) (UARTT_UartInit)
.\CortexM0\ARM_GCC_493\Debug\EMA.a(UARTT_isr.o)
                              .\CortexM0\ARM_GCC_493\Debug\isr.o (UARTT_isr_StartEx)
.\CortexM0\ARM_GCC_493\Debug\EMA.a(CyLib.o)
                              .\CortexM0\ARM_GCC_493\Debug\EMA.a(cyfitter_cfg.o) (CyIntEnable)
.\CortexM0\ARM_GCC_493\Debug\EMA.a(CyLFClk.o)
                              .\CortexM0\ARM_GCC_493\Debug\EMA.a(cyfitter_cfg.o) (CySysWdtIsr)
.\CortexM0\ARM_GCC_493\Debug\EMA.a(CyBootAsmGnu.o)
                              .\CortexM0\ARM_GCC_493\Debug\EMA.a(CyLib.o) (CyDelayCycles)
.\CortexM0\ARM_GCC_493\Debug\EMA.a(UART_SPI_UART.o)
                              .\CortexM0\ARM_GCC_493\Debug\EMA.a(UART_UART.o) (UART_SpiUartReadRxData)
.\CortexM0\ARM_GCC_493\Debug\EMA.a(UARTT_SPI_UART.o)
                              .\CortexM0\ARM_GCC_493\Debug\EMA.a(UARTT_UART.o) (UARTT_SpiUartReadRxData)
c:/program files (x86)/cypress/psoc creator/4.0/psoc creator/import/gnu/arm/4.9.3/bin/../lib/gcc/arm-none-eabi/4.9.3/armv6-m\libgcc.a(_udivsi3.o)
                              .\CortexM0\ARM_GCC_493\Debug\EMA.a(CyLib.o) (__aeabi_uidiv)
c:/program files (x86)/cypress/psoc creator/4.0/psoc creator/import/gnu/arm/4.9.3/bin/../lib/gcc/arm-none-eabi/4.9.3/armv6-m\libgcc.a(_dvmd_tls.o)
                              c:/program files (x86)/cypress/psoc creator/4.0/psoc creator/import/gnu/arm/4.9.3/bin/../lib/gcc/arm-none-eabi/4.9.3/armv6-m\libgcc.a(_udivsi3.o) (__aeabi_idiv0)
c:/program files (x86)/cypress/psoc creator/4.0/psoc creator/import/gnu/arm/4.9.3/bin/../lib/gcc/arm-none-eabi/4.9.3/../../../../arm-none-eabi/lib/armv6-m\libg_nano.a(lib_a-errno.o)
                              .\CortexM0\ARM_GCC_493\Debug\Cm0Start.o (__errno)
c:/program files (x86)/cypress/psoc creator/4.0/psoc creator/import/gnu/arm/4.9.3/bin/../lib/gcc/arm-none-eabi/4.9.3/../../../../arm-none-eabi/lib/armv6-m\libg_nano.a(lib_a-exit.o)
                              c:/program files (x86)/cypress/psoc creator/4.0/psoc creator/import/gnu/arm/4.9.3/bin/../lib/gcc/arm-none-eabi/4.9.3/../../../../arm-none-eabi/lib/armv6-m/crt0.o (exit)
c:/program files (x86)/cypress/psoc creator/4.0/psoc creator/import/gnu/arm/4.9.3/bin/../lib/gcc/arm-none-eabi/4.9.3/../../../../arm-none-eabi/lib/armv6-m\libg_nano.a(lib_a-impure.o)
                              c:/program files (x86)/cypress/psoc creator/4.0/psoc creator/import/gnu/arm/4.9.3/bin/../lib/gcc/arm-none-eabi/4.9.3/../../../../arm-none-eabi/lib/armv6-m\libg_nano.a(lib_a-exit.o) (_global_impure_ptr)
c:/program files (x86)/cypress/psoc creator/4.0/psoc creator/import/gnu/arm/4.9.3/bin/../lib/gcc/arm-none-eabi/4.9.3/../../../../arm-none-eabi/lib/armv6-m\libg_nano.a(lib_a-init.o)
                              c:/program files (x86)/cypress/psoc creator/4.0/psoc creator/import/gnu/arm/4.9.3/bin/../lib/gcc/arm-none-eabi/4.9.3/../../../../arm-none-eabi/lib/armv6-m/crt0.o (__libc_init_array)
c:/program files (x86)/cypress/psoc creator/4.0/psoc creator/import/gnu/arm/4.9.3/bin/../lib/gcc/arm-none-eabi/4.9.3/../../../../arm-none-eabi/lib/armv6-m\libg_nano.a(lib_a-memset.o)
                              c:/program files (x86)/cypress/psoc creator/4.0/psoc creator/import/gnu/arm/4.9.3/bin/../lib/gcc/arm-none-eabi/4.9.3/../../../../arm-none-eabi/lib/armv6-m/crt0.o (memset)

Allocating common symbols
Common symbol       size              file

RCX_BUFF2           0xa               .\CortexM0\ARM_GCC_493\Debug\main.o
RCX_BUFF1           0xa               .\CortexM0\ARM_GCC_493\Debug\main.o
rxd_cnt             0x4               .\CortexM0\ARM_GCC_493\Debug\main.o

Discarded input sections

 .text          0x00000000        0x0 c:/program files (x86)/cypress/psoc creator/4.0/psoc creator/import/gnu/arm/4.9.3/bin/../lib/gcc/arm-none-eabi/4.9.3/armv6-m/crti.o
 .data          0x00000000        0x0 c:/program files (x86)/cypress/psoc creator/4.0/psoc creator/import/gnu/arm/4.9.3/bin/../lib/gcc/arm-none-eabi/4.9.3/armv6-m/crti.o
 .bss           0x00000000        0x0 c:/program files (x86)/cypress/psoc creator/4.0/psoc creator/import/gnu/arm/4.9.3/bin/../lib/gcc/arm-none-eabi/4.9.3/armv6-m/crti.o
 .data          0x00000000        0x4 c:/program files (x86)/cypress/psoc creator/4.0/psoc creator/import/gnu/arm/4.9.3/bin/../lib/gcc/arm-none-eabi/4.9.3/armv6-m/crtbegin.o
 .text          0x00000000       0x78 c:/program files (x86)/cypress/psoc creator/4.0/psoc creator/import/gnu/arm/4.9.3/bin/../lib/gcc/arm-none-eabi/4.9.3/../../../../arm-none-eabi/lib/armv6-m/crt0.o
 .data          0x00000000        0x0 c:/program files (x86)/cypress/psoc creator/4.0/psoc creator/import/gnu/arm/4.9.3/bin/../lib/gcc/arm-none-eabi/4.9.3/../../../../arm-none-eabi/lib/armv6-m/crt0.o
 .bss           0x00000000        0x0 c:/program files (x86)/cypress/psoc creator/4.0/psoc creator/import/gnu/arm/4.9.3/bin/../lib/gcc/arm-none-eabi/4.9.3/../../../../arm-none-eabi/lib/armv6-m/crt0.o
 .ARM.extab     0x00000000        0x0 c:/program files (x86)/cypress/psoc creator/4.0/psoc creator/import/gnu/arm/4.9.3/bin/../lib/gcc/arm-none-eabi/4.9.3/../../../../arm-none-eabi/lib/armv6-m/crt0.o
 .ARM.exidx     0x00000000        0x8 c:/program files (x86)/cypress/psoc creator/4.0/psoc creator/import/gnu/arm/4.9.3/bin/../lib/gcc/arm-none-eabi/4.9.3/../../../../arm-none-eabi/lib/armv6-m/crt0.o
 .text          0x00000000        0x0 .\CortexM0\ARM_GCC_493\Debug\main.o
 .data          0x00000000        0x0 .\CortexM0\ARM_GCC_493\Debug\main.o
 .text          0x00000000        0x0 .\CortexM0\ARM_GCC_493\Debug\isr.o
 .data          0x00000000        0x0 .\CortexM0\ARM_GCC_493\Debug\isr.o
 .bss           0x00000000        0x0 .\CortexM0\ARM_GCC_493\Debug\isr.o
 .text          0x00000000        0x0 .\CortexM0\ARM_GCC_493\Debug\cymetadata.o
 .data          0x00000000        0x0 .\CortexM0\ARM_GCC_493\Debug\cymetadata.o
 .bss           0x00000000        0x0 .\CortexM0\ARM_GCC_493\Debug\cymetadata.o
 .text          0x00000000        0x0 .\CortexM0\ARM_GCC_493\Debug\Cm0Start.o
 .data          0x00000000        0x4 .\CortexM0\ARM_GCC_493\Debug\Cm0Start.o
 .bss           0x00000000        0x0 .\CortexM0\ARM_GCC_493\Debug\Cm0Start.o
 .text._exit    0x00000000        0xc .\CortexM0\ARM_GCC_493\Debug\Cm0Start.o
 .text._sbrk    0x00000000       0x30 .\CortexM0\ARM_GCC_493\Debug\Cm0Start.o
 .text          0x00000000        0x0 .\CortexM0\ARM_GCC_493\Debug\EMA.a(cyfitter_cfg.o)
 .data          0x00000000        0x0 .\CortexM0\ARM_GCC_493\Debug\EMA.a(cyfitter_cfg.o)
 .bss           0x00000000        0x0 .\CortexM0\ARM_GCC_493\Debug\EMA.a(cyfitter_cfg.o)
 .text          0x00000000        0x0 .\CortexM0\ARM_GCC_493\Debug\EMA.a(UART.o)
 .data          0x00000000        0x0 .\CortexM0\ARM_GCC_493\Debug\EMA.a(UART.o)
 .text.UART_ScbModeStop
                0x00000000        0x8 .\CortexM0\ARM_GCC_493\Debug\EMA.a(UART.o)
 .text.UART_Stop
                0x00000000       0x20 .\CortexM0\ARM_GCC_493\Debug\EMA.a(UART.o)
 .text.UART_SetRxFifoLevel
                0x00000000       0x14 .\CortexM0\ARM_GCC_493\Debug\EMA.a(UART.o)
 .text.UART_SetTxFifoLevel
                0x00000000       0x14 .\CortexM0\ARM_GCC_493\Debug\EMA.a(UART.o)
 .text.UART_I2CSlaveNackGeneration
                0x00000000       0x3c .\CortexM0\ARM_GCC_493\Debug\EMA.a(UART.o)
 .text          0x00000000        0x0 .\CortexM0\ARM_GCC_493\Debug\EMA.a(UART_UART.o)
 .data          0x00000000        0x0 .\CortexM0\ARM_GCC_493\Debug\EMA.a(UART_UART.o)
 .bss           0x00000000        0x0 .\CortexM0\ARM_GCC_493\Debug\EMA.a(UART_UART.o)
 .text.UART_UartStop
                0x00000000       0x28 .\CortexM0\ARM_GCC_493\Debug\EMA.a(UART_UART.o)
 .text.UART_UartSetRxAddress
                0x00000000       0x14 .\CortexM0\ARM_GCC_493\Debug\EMA.a(UART_UART.o)
 .text.UART_UartSetRxAddressMask
                0x00000000       0x18 .\CortexM0\ARM_GCC_493\Debug\EMA.a(UART_UART.o)
 .text.UART_UartGetByte
                0x00000000       0x30 .\CortexM0\ARM_GCC_493\Debug\EMA.a(UART_UART.o)
 .text.UART_UartPutCRLF
                0x00000000       0x14 .\CortexM0\ARM_GCC_493\Debug\EMA.a(UART_UART.o)
 .text          0x00000000        0x0 .\CortexM0\ARM_GCC_493\Debug\EMA.a(UART_isr.o)
 .data          0x00000000        0x0 .\CortexM0\ARM_GCC_493\Debug\EMA.a(UART_isr.o)
 .bss           0x00000000        0x0 .\CortexM0\ARM_GCC_493\Debug\EMA.a(UART_isr.o)
 .text.UART_isr_Interrupt
                0x00000000        0x4 .\CortexM0\ARM_GCC_493\Debug\EMA.a(UART_isr.o)
 .text.UART_isr_GetVector
                0x00000000        0xc .\CortexM0\ARM_GCC_493\Debug\EMA.a(UART_isr.o)
 .text.UART_isr_GetPriority
                0x00000000        0xc .\CortexM0\ARM_GCC_493\Debug\EMA.a(UART_isr.o)
 .text.UART_isr_GetState
                0x00000000       0x14 .\CortexM0\ARM_GCC_493\Debug\EMA.a(UART_isr.o)
 .text.UART_isr_Start
                0x00000000       0x1c .\CortexM0\ARM_GCC_493\Debug\EMA.a(UART_isr.o)
 .text.UART_isr_Stop
                0x00000000       0x14 .\CortexM0\ARM_GCC_493\Debug\EMA.a(UART_isr.o)
 .text.UART_isr_SetPending
                0x00000000       0x10 .\CortexM0\ARM_GCC_493\Debug\EMA.a(UART_isr.o)
 .text.UART_isr_ClearPending
                0x00000000       0x10 .\CortexM0\ARM_GCC_493\Debug\EMA.a(UART_isr.o)
 .text          0x00000000        0x0 .\CortexM0\ARM_GCC_493\Debug\EMA.a(UARTT.o)
 .data          0x00000000        0x0 .\CortexM0\ARM_GCC_493\Debug\EMA.a(UARTT.o)
 .text.UARTT_ScbModeStop
                0x00000000        0x8 .\CortexM0\ARM_GCC_493\Debug\EMA.a(UARTT.o)
 .text.UARTT_Stop
                0x00000000       0x20 .\CortexM0\ARM_GCC_493\Debug\EMA.a(UARTT.o)
 .text.UARTT_SetRxFifoLevel
                0x00000000       0x14 .\CortexM0\ARM_GCC_493\Debug\EMA.a(UARTT.o)
 .text.UARTT_SetTxFifoLevel
                0x00000000       0x14 .\CortexM0\ARM_GCC_493\Debug\EMA.a(UARTT.o)
 .text.UARTT_I2CSlaveNackGeneration
                0x00000000       0x3c .\CortexM0\ARM_GCC_493\Debug\EMA.a(UARTT.o)
 .text          0x00000000        0x0 .\CortexM0\ARM_GCC_493\Debug\EMA.a(UARTT_UART.o)
 .data          0x00000000        0x0 .\CortexM0\ARM_GCC_493\Debug\EMA.a(UARTT_UART.o)
 .bss           0x00000000        0x0 .\CortexM0\ARM_GCC_493\Debug\EMA.a(UARTT_UART.o)
 .text.UARTT_UartStop
                0x00000000       0x28 .\CortexM0\ARM_GCC_493\Debug\EMA.a(UARTT_UART.o)
 .text.UARTT_UartSetRxAddress
                0x00000000       0x14 .\CortexM0\ARM_GCC_493\Debug\EMA.a(UARTT_UART.o)
 .text.UARTT_UartSetRxAddressMask
                0x00000000       0x18 .\CortexM0\ARM_GCC_493\Debug\EMA.a(UARTT_UART.o)
 .text.UARTT_UartGetByte
                0x00000000       0x30 .\CortexM0\ARM_GCC_493\Debug\EMA.a(UARTT_UART.o)
 .text.UARTT_UartPutCRLF
                0x00000000       0x14 .\CortexM0\ARM_GCC_493\Debug\EMA.a(UARTT_UART.o)
 .text          0x00000000        0x0 .\CortexM0\ARM_GCC_493\Debug\EMA.a(UARTT_isr.o)
 .data          0x00000000        0x0 .\CortexM0\ARM_GCC_493\Debug\EMA.a(UARTT_isr.o)
 .bss           0x00000000        0x0 .\CortexM0\ARM_GCC_493\Debug\EMA.a(UARTT_isr.o)
 .text.UARTT_isr_Interrupt
                0x00000000        0x4 .\CortexM0\ARM_GCC_493\Debug\EMA.a(UARTT_isr.o)
 .text.UARTT_isr_GetVector
                0x00000000        0xc .\CortexM0\ARM_GCC_493\Debug\EMA.a(UARTT_isr.o)
 .text.UARTT_isr_GetPriority
                0x00000000       0x10 .\CortexM0\ARM_GCC_493\Debug\EMA.a(UARTT_isr.o)
 .text.UARTT_isr_GetState
                0x00000000       0x14 .\CortexM0\ARM_GCC_493\Debug\EMA.a(UARTT_isr.o)
 .text.UARTT_isr_Start
                0x00000000       0x1c .\CortexM0\ARM_GCC_493\Debug\EMA.a(UARTT_isr.o)
 .text.UARTT_isr_Stop
                0x00000000       0x14 .\CortexM0\ARM_GCC_493\Debug\EMA.a(UARTT_isr.o)
 .text.UARTT_isr_SetPending
                0x00000000       0x10 .\CortexM0\ARM_GCC_493\Debug\EMA.a(UARTT_isr.o)
 .text.UARTT_isr_ClearPending
                0x00000000       0x10 .\CortexM0\ARM_GCC_493\Debug\EMA.a(UARTT_isr.o)
 .text          0x00000000        0x0 .\CortexM0\ARM_GCC_493\Debug\EMA.a(CyLib.o)
 .bss           0x00000000       0x18 .\CortexM0\ARM_GCC_493\Debug\EMA.a(CyLib.o)
 .text.CySysClkImoStart
                0x00000000       0x14 .\CortexM0\ARM_GCC_493\Debug\EMA.a(CyLib.o)
 .text.CySysClkImoStop
                0x00000000       0x10 .\CortexM0\ARM_GCC_493\Debug\EMA.a(CyLib.o)
 .text.CySysClkWriteHfclkDirect
                0x00000000       0x20 .\CortexM0\ARM_GCC_493\Debug\EMA.a(CyLib.o)
 .text.CySysEnablePumpClock
                0x00000000       0x38 .\CortexM0\ARM_GCC_493\Debug\EMA.a(CyLib.o)
 .text.CySysClkGetSysclkSource
                0x00000000       0x1c .\CortexM0\ARM_GCC_493\Debug\EMA.a(CyLib.o)
 .text.CySysClkWriteSysclkDiv
                0x00000000       0x28 .\CortexM0\ARM_GCC_493\Debug\EMA.a(CyLib.o)
 .text.CySysLvdDisable
                0x00000000       0x20 .\CortexM0\ARM_GCC_493\Debug\EMA.a(CyLib.o)
 .text.CySysLvdGetInterruptSource
                0x00000000       0x10 .\CortexM0\ARM_GCC_493\Debug\EMA.a(CyLib.o)
 .text.CySysLvdClearInterrupt
                0x00000000        0xc .\CortexM0\ARM_GCC_493\Debug\EMA.a(CyLib.o)
 .text.CySysGetResetReason
                0x00000000       0x14 .\CortexM0\ARM_GCC_493\Debug\EMA.a(CyLib.o)
 .text.CyDisableInts
                0x00000000       0x10 .\CortexM0\ARM_GCC_493\Debug\EMA.a(CyLib.o)
 .text.CyEnableInts
                0x00000000        0xc .\CortexM0\ARM_GCC_493\Debug\EMA.a(CyLib.o)
 .text.CyIntGetState
                0x00000000       0x18 .\CortexM0\ARM_GCC_493\Debug\EMA.a(CyLib.o)
 .text.CyIntDisable
                0x00000000       0x14 .\CortexM0\ARM_GCC_493\Debug\EMA.a(CyLib.o)
 .text.CyIntSetPending
                0x00000000       0x14 .\CortexM0\ARM_GCC_493\Debug\EMA.a(CyLib.o)
 .text.CyIntClearPending
                0x00000000       0x14 .\CortexM0\ARM_GCC_493\Debug\EMA.a(CyLib.o)
 .text.CyIntSetSysVector
                0x00000000       0x20 .\CortexM0\ARM_GCC_493\Debug\EMA.a(CyLib.o)
 .text.CyIntGetSysVector
                0x00000000       0x1c .\CortexM0\ARM_GCC_493\Debug\EMA.a(CyLib.o)
 .text.CyIntGetVector
                0x00000000       0x20 .\CortexM0\ARM_GCC_493\Debug\EMA.a(CyLib.o)
 .text.CyIntSetPriority
                0x00000000       0x4c .\CortexM0\ARM_GCC_493\Debug\EMA.a(CyLib.o)
 .text.CyIntGetPriority
                0x00000000       0x2c .\CortexM0\ARM_GCC_493\Debug\EMA.a(CyLib.o)
 .text.CySoftwareReset
                0x00000000       0x18 .\CortexM0\ARM_GCC_493\Debug\EMA.a(CyLib.o)
 .text.CyDelay  0x00000000       0x30 .\CortexM0\ARM_GCC_493\Debug\EMA.a(CyLib.o)
 .text.CySysLvdEnable
                0x00000000       0x44 .\CortexM0\ARM_GCC_493\Debug\EMA.a(CyLib.o)
 .text.CyDelayFreq
                0x00000000       0x4c .\CortexM0\ARM_GCC_493\Debug\EMA.a(CyLib.o)
 .text.CySysTickStop
                0x00000000       0x10 .\CortexM0\ARM_GCC_493\Debug\EMA.a(CyLib.o)
 .text.CySysTickEnableInterrupt
                0x00000000       0x10 .\CortexM0\ARM_GCC_493\Debug\EMA.a(CyLib.o)
 .text.CySysTickEnable
                0x00000000       0x18 .\CortexM0\ARM_GCC_493\Debug\EMA.a(CyLib.o)
 .text.CySysTickDisableInterrupt
                0x00000000       0x10 .\CortexM0\ARM_GCC_493\Debug\EMA.a(CyLib.o)
 .text.CySysTickSetReload
                0x00000000       0x10 .\CortexM0\ARM_GCC_493\Debug\EMA.a(CyLib.o)
 .text.CySysTickGetReload
                0x00000000       0x10 .\CortexM0\ARM_GCC_493\Debug\EMA.a(CyLib.o)
 .text.CySysTickGetValue
                0x00000000       0x10 .\CortexM0\ARM_GCC_493\Debug\EMA.a(CyLib.o)
 .text.CySysTickGetCountFlag
                0x00000000       0x10 .\CortexM0\ARM_GCC_493\Debug\EMA.a(CyLib.o)
 .text.CySysTickServiceCallbacks
                0x00000000       0x28 .\CortexM0\ARM_GCC_493\Debug\EMA.a(CyLib.o)
 .text.CySysTickClear
                0x00000000        0xc .\CortexM0\ARM_GCC_493\Debug\EMA.a(CyLib.o)
 .text.CySysTickInit
                0x00000000       0x44 .\CortexM0\ARM_GCC_493\Debug\EMA.a(CyLib.o)
 .text.CySysTickStart
                0x00000000       0x20 .\CortexM0\ARM_GCC_493\Debug\EMA.a(CyLib.o)
 .text.CySysTickSetCallback
                0x00000000       0x10 .\CortexM0\ARM_GCC_493\Debug\EMA.a(CyLib.o)
 .text.CySysTickGetCallback
                0x00000000        0xc .\CortexM0\ARM_GCC_493\Debug\EMA.a(CyLib.o)
 .text.CyGetUniqueId
                0x00000000       0x70 .\CortexM0\ARM_GCC_493\Debug\EMA.a(CyLib.o)
 .text          0x00000000        0x0 .\CortexM0\ARM_GCC_493\Debug\EMA.a(CyLFClk.o)
 .text.CySysClkIloEnabled
                0x00000000       0x14 .\CortexM0\ARM_GCC_493\Debug\EMA.a(CyLFClk.o)
 .text.CySysClkIloStart
                0x00000000       0x14 .\CortexM0\ARM_GCC_493\Debug\EMA.a(CyLFClk.o)
 .text.CySysClkIloStartMeasurement
                0x00000000       0x34 .\CortexM0\ARM_GCC_493\Debug\EMA.a(CyLFClk.o)
 .text.CySysClkIloStopMeasurement
                0x00000000       0x14 .\CortexM0\ARM_GCC_493\Debug\EMA.a(CyLFClk.o)
 .text.CySysClkIloCompensate
                0x00000000      0x108 .\CortexM0\ARM_GCC_493\Debug\EMA.a(CyLFClk.o)
 .text.CySysWdtGetEnabledStatus
                0x00000000       0x24 .\CortexM0\ARM_GCC_493\Debug\EMA.a(CyLFClk.o)
 .text.CySysWdtSetMode
                0x00000000       0x38 .\CortexM0\ARM_GCC_493\Debug\EMA.a(CyLFClk.o)
 .text.CySysClkLfclkPosedgeRestore
                0x00000000       0x2c .\CortexM0\ARM_GCC_493\Debug\EMA.a(CyLFClk.o)
 .text.CySysWdtGetMode
                0x00000000       0x14 .\CortexM0\ARM_GCC_493\Debug\EMA.a(CyLFClk.o)
 .text.CySysWdtSetClearOnMatch
                0x00000000       0x38 .\CortexM0\ARM_GCC_493\Debug\EMA.a(CyLFClk.o)
 .text.CySysWdtGetClearOnMatch
                0x00000000       0x24 .\CortexM0\ARM_GCC_493\Debug\EMA.a(CyLFClk.o)
 .text.CySysWdtEnable
                0x00000000       0x40 .\CortexM0\ARM_GCC_493\Debug\EMA.a(CyLFClk.o)
 .text.CySysWdtDisable
                0x00000000       0x44 .\CortexM0\ARM_GCC_493\Debug\EMA.a(CyLFClk.o)
 .text.CySysWdtSetCascade
                0x00000000       0x34 .\CortexM0\ARM_GCC_493\Debug\EMA.a(CyLFClk.o)
 .text.CySysWdtGetCascade
                0x00000000       0x14 .\CortexM0\ARM_GCC_493\Debug\EMA.a(CyLFClk.o)
 .text.CySysWdtSetMatch
                0x00000000       0x3c .\CortexM0\ARM_GCC_493\Debug\EMA.a(CyLFClk.o)
 .text.CySysWdtSetToggleBit
                0x00000000       0x2c .\CortexM0\ARM_GCC_493\Debug\EMA.a(CyLFClk.o)
 .text.CySysWdtGetToggleBit
                0x00000000       0x10 .\CortexM0\ARM_GCC_493\Debug\EMA.a(CyLFClk.o)
 .text.CySysWdtGetMatch
                0x00000000       0x20 .\CortexM0\ARM_GCC_493\Debug\EMA.a(CyLFClk.o)
 .text.CySysWdtGetCount
                0x00000000       0x3c .\CortexM0\ARM_GCC_493\Debug\EMA.a(CyLFClk.o)
 .text.CySysClkLfclkPosedgeCatch
                0x00000000       0x74 .\CortexM0\ARM_GCC_493\Debug\EMA.a(CyLFClk.o)
 .text.CySysClkIloStop
                0x00000000       0x38 .\CortexM0\ARM_GCC_493\Debug\EMA.a(CyLFClk.o)
 .text.CySysWdtGetInterruptSource
                0x00000000       0x14 .\CortexM0\ARM_GCC_493\Debug\EMA.a(CyLFClk.o)
 .text.CySysWdtResetCounters
                0x00000000       0x20 .\CortexM0\ARM_GCC_493\Debug\EMA.a(CyLFClk.o)
 .text.CySysWdtSetInterruptCallback
                0x00000000       0x20 .\CortexM0\ARM_GCC_493\Debug\EMA.a(CyLFClk.o)
 .text.CySysWdtGetInterruptCallback
                0x00000000       0x20 .\CortexM0\ARM_GCC_493\Debug\EMA.a(CyLFClk.o)
 .text.CySysWdtEnableCounterIsr
                0x00000000       0x34 .\CortexM0\ARM_GCC_493\Debug\EMA.a(CyLFClk.o)
 .text.CySysWdtDisableCounterIsr
                0x00000000       0x28 .\CortexM0\ARM_GCC_493\Debug\EMA.a(CyLFClk.o)
 .text.CySysWatchdogFeed
                0x00000000       0x60 .\CortexM0\ARM_GCC_493\Debug\EMA.a(CyLFClk.o)
 .text.CySysTimerDelayUntilMatch
                0x00000000       0x6c .\CortexM0\ARM_GCC_493\Debug\EMA.a(CyLFClk.o)
 .text.CySysTimerDelay
                0x00000000       0x3c .\CortexM0\ARM_GCC_493\Debug\EMA.a(CyLFClk.o)
 .rodata        0x00000000        0xc .\CortexM0\ARM_GCC_493\Debug\EMA.a(CyLFClk.o)
 .data          0x00000000        0x0 .\CortexM0\ARM_GCC_493\Debug\EMA.a(CyBootAsmGnu.o)
 .bss           0x00000000        0x0 .\CortexM0\ARM_GCC_493\Debug\EMA.a(CyBootAsmGnu.o)
 .text          0x00000000        0x0 .\CortexM0\ARM_GCC_493\Debug\EMA.a(UART_SPI_UART.o)
 .data          0x00000000        0x0 .\CortexM0\ARM_GCC_493\Debug\EMA.a(UART_SPI_UART.o)
 .bss           0x00000000        0x0 .\CortexM0\ARM_GCC_493\Debug\EMA.a(UART_SPI_UART.o)
 .text.UART_SpiUartClearRxBuffer
                0x00000000       0x20 .\CortexM0\ARM_GCC_493\Debug\EMA.a(UART_SPI_UART.o)
 .text.UART_SpiUartPutArray
                0x00000000       0x18 .\CortexM0\ARM_GCC_493\Debug\EMA.a(UART_SPI_UART.o)
 .text.UART_SpiUartGetTxBufferSize
                0x00000000       0x10 .\CortexM0\ARM_GCC_493\Debug\EMA.a(UART_SPI_UART.o)
 .text.UART_SpiUartClearTxBuffer
                0x00000000       0x20 .\CortexM0\ARM_GCC_493\Debug\EMA.a(UART_SPI_UART.o)
 .text.UART_SpiUartDisableIntRx
                0x00000000       0x10 .\CortexM0\ARM_GCC_493\Debug\EMA.a(UART_SPI_UART.o)
 .text.UART_SpiUartDisableIntTx
                0x00000000       0x10 .\CortexM0\ARM_GCC_493\Debug\EMA.a(UART_SPI_UART.o)
 .text          0x00000000        0x0 .\CortexM0\ARM_GCC_493\Debug\EMA.a(UARTT_SPI_UART.o)
 .data          0x00000000        0x0 .\CortexM0\ARM_GCC_493\Debug\EMA.a(UARTT_SPI_UART.o)
 .bss           0x00000000        0x0 .\CortexM0\ARM_GCC_493\Debug\EMA.a(UARTT_SPI_UART.o)
 .text.UARTT_SpiUartClearRxBuffer
                0x00000000       0x20 .\CortexM0\ARM_GCC_493\Debug\EMA.a(UARTT_SPI_UART.o)
 .text.UARTT_SpiUartPutArray
                0x00000000       0x18 .\CortexM0\ARM_GCC_493\Debug\EMA.a(UARTT_SPI_UART.o)
 .text.UARTT_SpiUartGetTxBufferSize
                0x00000000       0x10 .\CortexM0\ARM_GCC_493\Debug\EMA.a(UARTT_SPI_UART.o)
 .text.UARTT_SpiUartClearTxBuffer
                0x00000000       0x20 .\CortexM0\ARM_GCC_493\Debug\EMA.a(UARTT_SPI_UART.o)
 .text.UARTT_SpiUartDisableIntRx
                0x00000000       0x10 .\CortexM0\ARM_GCC_493\Debug\EMA.a(UARTT_SPI_UART.o)
 .text.UARTT_SpiUartDisableIntTx
                0x00000000       0x10 .\CortexM0\ARM_GCC_493\Debug\EMA.a(UARTT_SPI_UART.o)
 .text          0x00000000      0x120 c:/program files (x86)/cypress/psoc creator/4.0/psoc creator/import/gnu/arm/4.9.3/bin/../lib/gcc/arm-none-eabi/4.9.3/armv6-m\libgcc.a(_udivsi3.o)
 .data          0x00000000        0x0 c:/program files (x86)/cypress/psoc creator/4.0/psoc creator/import/gnu/arm/4.9.3/bin/../lib/gcc/arm-none-eabi/4.9.3/armv6-m\libgcc.a(_udivsi3.o)
 .bss           0x00000000        0x0 c:/program files (x86)/cypress/psoc creator/4.0/psoc creator/import/gnu/arm/4.9.3/bin/../lib/gcc/arm-none-eabi/4.9.3/armv6-m\libgcc.a(_udivsi3.o)
 .text          0x00000000        0x4 c:/program files (x86)/cypress/psoc creator/4.0/psoc creator/import/gnu/arm/4.9.3/bin/../lib/gcc/arm-none-eabi/4.9.3/armv6-m\libgcc.a(_dvmd_tls.o)
 .data          0x00000000        0x0 c:/program files (x86)/cypress/psoc creator/4.0/psoc creator/import/gnu/arm/4.9.3/bin/../lib/gcc/arm-none-eabi/4.9.3/armv6-m\libgcc.a(_dvmd_tls.o)
 .bss           0x00000000        0x0 c:/program files (x86)/cypress/psoc creator/4.0/psoc creator/import/gnu/arm/4.9.3/bin/../lib/gcc/arm-none-eabi/4.9.3/armv6-m\libgcc.a(_dvmd_tls.o)
 .text          0x00000000        0x0 c:/program files (x86)/cypress/psoc creator/4.0/psoc creator/import/gnu/arm/4.9.3/bin/../lib/gcc/arm-none-eabi/4.9.3/../../../../arm-none-eabi/lib/armv6-m\libg_nano.a(lib_a-errno.o)
 .data          0x00000000        0x0 c:/program files (x86)/cypress/psoc creator/4.0/psoc creator/import/gnu/arm/4.9.3/bin/../lib/gcc/arm-none-eabi/4.9.3/../../../../arm-none-eabi/lib/armv6-m\libg_nano.a(lib_a-errno.o)
 .bss           0x00000000        0x0 c:/program files (x86)/cypress/psoc creator/4.0/psoc creator/import/gnu/arm/4.9.3/bin/../lib/gcc/arm-none-eabi/4.9.3/../../../../arm-none-eabi/lib/armv6-m\libg_nano.a(lib_a-errno.o)
 .text          0x00000000        0x0 c:/program files (x86)/cypress/psoc creator/4.0/psoc creator/import/gnu/arm/4.9.3/bin/../lib/gcc/arm-none-eabi/4.9.3/../../../../arm-none-eabi/lib/armv6-m\libg_nano.a(lib_a-exit.o)
 .data          0x00000000        0x0 c:/program files (x86)/cypress/psoc creator/4.0/psoc creator/import/gnu/arm/4.9.3/bin/../lib/gcc/arm-none-eabi/4.9.3/../../../../arm-none-eabi/lib/armv6-m\libg_nano.a(lib_a-exit.o)
 .bss           0x00000000        0x0 c:/program files (x86)/cypress/psoc creator/4.0/psoc creator/import/gnu/arm/4.9.3/bin/../lib/gcc/arm-none-eabi/4.9.3/../../../../arm-none-eabi/lib/armv6-m\libg_nano.a(lib_a-exit.o)
 .text.exit     0x00000000       0x2c c:/program files (x86)/cypress/psoc creator/4.0/psoc creator/import/gnu/arm/4.9.3/bin/../lib/gcc/arm-none-eabi/4.9.3/../../../../arm-none-eabi/lib/armv6-m\libg_nano.a(lib_a-exit.o)
 .text          0x00000000        0x0 c:/program files (x86)/cypress/psoc creator/4.0/psoc creator/import/gnu/arm/4.9.3/bin/../lib/gcc/arm-none-eabi/4.9.3/../../../../arm-none-eabi/lib/armv6-m\libg_nano.a(lib_a-impure.o)
 .data          0x00000000        0x0 c:/program files (x86)/cypress/psoc creator/4.0/psoc creator/import/gnu/arm/4.9.3/bin/../lib/gcc/arm-none-eabi/4.9.3/../../../../arm-none-eabi/lib/armv6-m\libg_nano.a(lib_a-impure.o)
 .bss           0x00000000        0x0 c:/program files (x86)/cypress/psoc creator/4.0/psoc creator/import/gnu/arm/4.9.3/bin/../lib/gcc/arm-none-eabi/4.9.3/../../../../arm-none-eabi/lib/armv6-m\libg_nano.a(lib_a-impure.o)
 .rodata._global_impure_ptr
                0x00000000        0x4 c:/program files (x86)/cypress/psoc creator/4.0/psoc creator/import/gnu/arm/4.9.3/bin/../lib/gcc/arm-none-eabi/4.9.3/../../../../arm-none-eabi/lib/armv6-m\libg_nano.a(lib_a-impure.o)
 .text          0x00000000        0x0 c:/program files (x86)/cypress/psoc creator/4.0/psoc creator/import/gnu/arm/4.9.3/bin/../lib/gcc/arm-none-eabi/4.9.3/../../../../arm-none-eabi/lib/armv6-m\libg_nano.a(lib_a-init.o)
 .data          0x00000000        0x0 c:/program files (x86)/cypress/psoc creator/4.0/psoc creator/import/gnu/arm/4.9.3/bin/../lib/gcc/arm-none-eabi/4.9.3/../../../../arm-none-eabi/lib/armv6-m\libg_nano.a(lib_a-init.o)
 .bss           0x00000000        0x0 c:/program files (x86)/cypress/psoc creator/4.0/psoc creator/import/gnu/arm/4.9.3/bin/../lib/gcc/arm-none-eabi/4.9.3/../../../../arm-none-eabi/lib/armv6-m\libg_nano.a(lib_a-init.o)
 .text          0x00000000        0x0 c:/program files (x86)/cypress/psoc creator/4.0/psoc creator/import/gnu/arm/4.9.3/bin/../lib/gcc/arm-none-eabi/4.9.3/../../../../arm-none-eabi/lib/armv6-m\libg_nano.a(lib_a-memset.o)
 .data          0x00000000        0x0 c:/program files (x86)/cypress/psoc creator/4.0/psoc creator/import/gnu/arm/4.9.3/bin/../lib/gcc/arm-none-eabi/4.9.3/../../../../arm-none-eabi/lib/armv6-m\libg_nano.a(lib_a-memset.o)
 .bss           0x00000000        0x0 c:/program files (x86)/cypress/psoc creator/4.0/psoc creator/import/gnu/arm/4.9.3/bin/../lib/gcc/arm-none-eabi/4.9.3/../../../../arm-none-eabi/lib/armv6-m\libg_nano.a(lib_a-memset.o)
 .text          0x00000000        0x0 c:/program files (x86)/cypress/psoc creator/4.0/psoc creator/import/gnu/arm/4.9.3/bin/../lib/gcc/arm-none-eabi/4.9.3/armv6-m/crtend.o
 .data          0x00000000        0x0 c:/program files (x86)/cypress/psoc creator/4.0/psoc creator/import/gnu/arm/4.9.3/bin/../lib/gcc/arm-none-eabi/4.9.3/armv6-m/crtend.o
 .bss           0x00000000        0x0 c:/program files (x86)/cypress/psoc creator/4.0/psoc creator/import/gnu/arm/4.9.3/bin/../lib/gcc/arm-none-eabi/4.9.3/armv6-m/crtend.o
 .text          0x00000000        0x0 c:/program files (x86)/cypress/psoc creator/4.0/psoc creator/import/gnu/arm/4.9.3/bin/../lib/gcc/arm-none-eabi/4.9.3/armv6-m/crtn.o
 .data          0x00000000        0x0 c:/program files (x86)/cypress/psoc creator/4.0/psoc creator/import/gnu/arm/4.9.3/bin/../lib/gcc/arm-none-eabi/4.9.3/armv6-m/crtn.o
 .bss           0x00000000        0x0 c:/program files (x86)/cypress/psoc creator/4.0/psoc creator/import/gnu/arm/4.9.3/bin/../lib/gcc/arm-none-eabi/4.9.3/armv6-m/crtn.o

Memory Configuration

Name             Origin             Length             Attributes
rom              0x00000000         0x00008000         xr
ram              0x20000000         0x00001000         xrw
*default*        0x00000000         0xffffffff

Linker script and memory map

LOAD c:/program files (x86)/cypress/psoc creator/4.0/psoc creator/import/gnu/arm/4.9.3/bin/../lib/gcc/arm-none-eabi/4.9.3/armv6-m/crti.o
LOAD c:/program files (x86)/cypress/psoc creator/4.0/psoc creator/import/gnu/arm/4.9.3/bin/../lib/gcc/arm-none-eabi/4.9.3/armv6-m/crtbegin.o
LOAD c:/program files (x86)/cypress/psoc creator/4.0/psoc creator/import/gnu/arm/4.9.3/bin/../lib/gcc/arm-none-eabi/4.9.3/../../../../arm-none-eabi/lib/armv6-m/crt0.o
START GROUP
LOAD .\CortexM0\ARM_GCC_493\Debug\main.o
LOAD .\CortexM0\ARM_GCC_493\Debug\isr.o
LOAD .\CortexM0\ARM_GCC_493\Debug\cymetadata.o
LOAD .\CortexM0\ARM_GCC_493\Debug\Cm0Start.o
LOAD .\CortexM0\ARM_GCC_493\Debug\EMA.a
LOAD C:\Program Files (x86)\Cypress\PSoC Creator\4.0\PSoC Creator\psoc\content\cycomponentlibrary\CyComponentLibrary.cylib\CortexM0\ARM_GCC_493\Debug\CyComponentLibrary.a
END GROUP
START GROUP
LOAD c:/program files (x86)/cypress/psoc creator/4.0/psoc creator/import/gnu/arm/4.9.3/bin/../lib/gcc/arm-none-eabi/4.9.3/armv6-m\libgcc.a
LOAD c:/program files (x86)/cypress/psoc creator/4.0/psoc creator/import/gnu/arm/4.9.3/bin/../lib/gcc/arm-none-eabi/4.9.3/../../../../arm-none-eabi/lib/armv6-m\libg_nano.a
LOAD c:/program files (x86)/cypress/psoc creator/4.0/psoc creator/import/gnu/arm/4.9.3/bin/../lib/gcc/arm-none-eabi/4.9.3/../../../../arm-none-eabi/lib/armv6-m\libc_nano.a
END GROUP
START GROUP
LOAD c:/program files (x86)/cypress/psoc creator/4.0/psoc creator/import/gnu/arm/4.9.3/bin/../lib/gcc/arm-none-eabi/4.9.3/armv6-m\libgcc.a
LOAD c:/program files (x86)/cypress/psoc creator/4.0/psoc creator/import/gnu/arm/4.9.3/bin/../lib/gcc/arm-none-eabi/4.9.3/../../../../arm-none-eabi/lib/armv6-m\libc_nano.a
END GROUP
LOAD c:/program files (x86)/cypress/psoc creator/4.0/psoc creator/import/gnu/arm/4.9.3/bin/../lib/gcc/arm-none-eabi/4.9.3/armv6-m/crtend.o
LOAD c:/program files (x86)/cypress/psoc creator/4.0/psoc creator/import/gnu/arm/4.9.3/bin/../lib/gcc/arm-none-eabi/4.9.3/armv6-m/crtn.o
START GROUP
LOAD c:/program files (x86)/cypress/psoc creator/4.0/psoc creator/import/gnu/arm/4.9.3/bin/../lib/gcc/arm-none-eabi/4.9.3/armv6-m\libgcc.a
LOAD c:/program files (x86)/cypress/psoc creator/4.0/psoc creator/import/gnu/arm/4.9.3/bin/../lib/gcc/arm-none-eabi/4.9.3/../../../../arm-none-eabi/lib/armv6-m\libc.a
LOAD c:/program files (x86)/cypress/psoc creator/4.0/psoc creator/import/gnu/arm/4.9.3/bin/../lib/gcc/arm-none-eabi/4.9.3/../../../../arm-none-eabi/lib/armv6-m\libnosys.a
END GROUP
                0x00000000                CY_APPL_ORIGIN = 0x0
                0x00000080                CY_FLASH_ROW_SIZE = 0x80
                0x00000001                CY_APPL_NUM = 0x1
                0x00000001                CY_APPL_MAX = 0x1
                0x00000040                CY_METADATA_SIZE = 0x40
                0x00000000                CY_APPL_LOADABLE = 0x0
                0x00000000                CY_CHECKSUM_EXCLUDE_SIZE = ALIGN (0x0, CY_FLASH_ROW_SIZE)
                0x00000000                CY_APP_FOR_STACK_AND_COPIER = 0x0
                0x200001b0                PROVIDE (__cy_heap_start, _end)
                0x00000001                PROVIDE (__cy_region_num, ((__cy_regions_end - __cy_regions) / 0x10))
                0x20001000                PROVIDE (__cy_stack, (ORIGIN (ram) + 0x1000))
                0x20000c00                PROVIDE (__cy_heap_end, (__cy_stack - 0x400))

.cybootloader   0x00000000        0x0
 *(.cybootloader)
                0x00000000                appl1_start = CY_APPL_ORIGIN?CY_APPL_ORIGIN:ALIGN (CY_FLASH_ROW_SIZE)
                0x00003f80                appl2_start = (appl1_start + ALIGN ((((0x8000 - appl1_start) - (0x2 * CY_FLASH_ROW_SIZE)) / 0x2), CY_FLASH_ROW_SIZE))
                0x00000000                appl_start = (CY_APPL_NUM == 0x1)?appl1_start:appl2_start
                0x00000001                cy_project_type_bootloader = (appl_start == 0x0)?0x1:0x0
                0x00000000                cy_project_type_app_for_stack_and_copier = (CY_APP_FOR_STACK_AND_COPIER == 0x1)?0x1:0x0

.text           0x00000000      0xb00
 CREATE_OBJECT_SYMBOLS
                0x00000000                PROVIDE (__cy_interrupt_vector, RomVectors)
 *(.romvectors)
 .romvectors    0x00000000       0x10 .\CortexM0\ARM_GCC_493\Debug\Cm0Start.o
                0x00000000                RomVectors
                0x00000001                ASSERT ((. != __cy_interrupt_vector), No interrupt vector)
                0x00000001                ASSERT (CY_APPL_ORIGIN?(SIZEOF (.cybootloader) <= CY_APPL_ORIGIN):0x1, Wrong image location)
                0x00000010                PROVIDE (__cy_reset, Reset)
 *(.text.Reset)
 .text.Reset    0x00000010        0x8 .\CortexM0\ARM_GCC_493\Debug\Cm0Start.o
                0x00000010                Reset
                0x00000001                ASSERT ((. != __cy_reset), No reset code)
 *(.psocinit)
 .psocinit      0x00000018      0x148 .\CortexM0\ARM_GCC_493\Debug\EMA.a(cyfitter_cfg.o)
                0x000000a0                cyfitter_cfg
                0x00000160                . = MAX (., 0x100)
 *(.text .text.* .gnu.linkonce.t.*)
 .text          0x00000160       0x60 c:/program files (x86)/cypress/psoc creator/4.0/psoc creator/import/gnu/arm/4.9.3/bin/../lib/gcc/arm-none-eabi/4.9.3/armv6-m/crtbegin.o
 .text.main     0x000001c0       0x58 .\CortexM0\ARM_GCC_493\Debug\main.o
                0x000001c0                main
 .text.rx_isr_Handler
                0x00000218       0x58 .\CortexM0\ARM_GCC_493\Debug\isr.o
                0x00000218                rx_isr_Handler
 .text.rx_isr_Handler2
                0x00000270       0x58 .\CortexM0\ARM_GCC_493\Debug\isr.o
                0x00000270                rx_isr_Handler2
 .text.ISR_int  0x000002c8       0x18 .\CortexM0\ARM_GCC_493\Debug\isr.o
                0x000002c8                ISR_int
 .text.IntDefaultHandler
                0x000002e0       0x10 .\CortexM0\ARM_GCC_493\Debug\Cm0Start.o
                0x000002e0                IntDefaultHandler
 .text.Start_c  0x000002f0       0x48 .\CortexM0\ARM_GCC_493\Debug\Cm0Start.o
                0x000002f0                Start_c
 .text.initialize_psoc
                0x00000338       0x48 .\CortexM0\ARM_GCC_493\Debug\Cm0Start.o
                0x00000338                initialize_psoc
 .text.CYMEMZERO
                0x00000380        0xc .\CortexM0\ARM_GCC_493\Debug\EMA.a(cyfitter_cfg.o)
 .text.UART_ScbModePostEnable
                0x0000038c        0x8 .\CortexM0\ARM_GCC_493\Debug\EMA.a(UART.o)
 .text.UART_Init
                0x00000394        0x8 .\CortexM0\ARM_GCC_493\Debug\EMA.a(UART.o)
                0x00000394                UART_Init
 .text.UART_Enable
                0x0000039c       0x18 .\CortexM0\ARM_GCC_493\Debug\EMA.a(UART.o)
                0x0000039c                UART_Enable
 .text.UART_Start
                0x000003b4       0x20 .\CortexM0\ARM_GCC_493\Debug\EMA.a(UART.o)
                0x000003b4                UART_Start
 .text.UART_UartInit
                0x000003d4       0x9c .\CortexM0\ARM_GCC_493\Debug\EMA.a(UART_UART.o)
                0x000003d4                UART_UartInit
 .text.UART_UartPostEnable
                0x00000470       0x24 .\CortexM0\ARM_GCC_493\Debug\EMA.a(UART_UART.o)
                0x00000470                UART_UartPostEnable
 .text.UART_UartGetChar
                0x00000494       0x2c .\CortexM0\ARM_GCC_493\Debug\EMA.a(UART_UART.o)
                0x00000494                UART_UartGetChar
 .text.UART_UartPutString
                0x000004c0       0x18 .\CortexM0\ARM_GCC_493\Debug\EMA.a(UART_UART.o)
                0x000004c0                UART_UartPutString
 .text.UART_isr_SetVector
                0x000004d8        0xc .\CortexM0\ARM_GCC_493\Debug\EMA.a(UART_isr.o)
                0x000004d8                UART_isr_SetVector
 .text.UART_isr_SetPriority
                0x000004e4       0x20 .\CortexM0\ARM_GCC_493\Debug\EMA.a(UART_isr.o)
                0x000004e4                UART_isr_SetPriority
 .text.UART_isr_Enable
                0x00000504       0x10 .\CortexM0\ARM_GCC_493\Debug\EMA.a(UART_isr.o)
                0x00000504                UART_isr_Enable
 .text.UART_isr_Disable
                0x00000514       0x10 .\CortexM0\ARM_GCC_493\Debug\EMA.a(UART_isr.o)
                0x00000514                UART_isr_Disable
 .text.UART_isr_StartEx
                0x00000524       0x1c .\CortexM0\ARM_GCC_493\Debug\EMA.a(UART_isr.o)
                0x00000524                UART_isr_StartEx
 .text.UARTT_ScbModePostEnable
                0x00000540        0x8 .\CortexM0\ARM_GCC_493\Debug\EMA.a(UARTT.o)
 .text.UARTT_Init
                0x00000548        0x8 .\CortexM0\ARM_GCC_493\Debug\EMA.a(UARTT.o)
                0x00000548                UARTT_Init
 .text.UARTT_Enable
                0x00000550       0x18 .\CortexM0\ARM_GCC_493\Debug\EMA.a(UARTT.o)
                0x00000550                UARTT_Enable
 .text.UARTT_Start
                0x00000568       0x20 .\CortexM0\ARM_GCC_493\Debug\EMA.a(UARTT.o)
                0x00000568                UARTT_Start
 .text.UARTT_UartInit
                0x00000588       0x9c .\CortexM0\ARM_GCC_493\Debug\EMA.a(UARTT_UART.o)
                0x00000588                UARTT_UartInit
 .text.UARTT_UartPostEnable
                0x00000624       0x24 .\CortexM0\ARM_GCC_493\Debug\EMA.a(UARTT_UART.o)
                0x00000624                UARTT_UartPostEnable
 .text.UARTT_UartGetChar
                0x00000648       0x2c .\CortexM0\ARM_GCC_493\Debug\EMA.a(UARTT_UART.o)
                0x00000648                UARTT_UartGetChar
 .text.UARTT_UartPutString
                0x00000674       0x18 .\CortexM0\ARM_GCC_493\Debug\EMA.a(UARTT_UART.o)
                0x00000674                UARTT_UartPutString
 .text.UARTT_isr_SetVector
                0x0000068c        0xc .\CortexM0\ARM_GCC_493\Debug\EMA.a(UARTT_isr.o)
                0x0000068c                UARTT_isr_SetVector
 .text.UARTT_isr_SetPriority
                0x00000698       0x24 .\CortexM0\ARM_GCC_493\Debug\EMA.a(UARTT_isr.o)
                0x00000698                UARTT_isr_SetPriority
 .text.UARTT_isr_Enable
                0x000006bc       0x10 .\CortexM0\ARM_GCC_493\Debug\EMA.a(UARTT_isr.o)
                0x000006bc                UARTT_isr_Enable
 .text.UARTT_isr_Disable
                0x000006cc       0x10 .\CortexM0\ARM_GCC_493\Debug\EMA.a(UARTT_isr.o)
                0x000006cc                UARTT_isr_Disable
 .text.UARTT_isr_StartEx
                0x000006dc       0x1c .\CortexM0\ARM_GCC_493\Debug\EMA.a(UARTT_isr.o)
                0x000006dc                UARTT_isr_StartEx
 .text.CyIntEnable
                0x000006f8       0x14 .\CortexM0\ARM_GCC_493\Debug\EMA.a(CyLib.o)
                0x000006f8                CyIntEnable
 .text.CyHalt   0x0000070c        0x4 .\CortexM0\ARM_GCC_493\Debug\EMA.a(CyLib.o)
                0x0000070c                CyHalt
 .text.CyIntSetVector
                0x00000710       0x24 .\CortexM0\ARM_GCC_493\Debug\EMA.a(CyLib.o)
                0x00000710                CyIntSetVector
 .text.CyDelayUs
                0x00000734       0x14 .\CortexM0\ARM_GCC_493\Debug\EMA.a(CyLib.o)
                0x00000734                CyDelayUs
 .text.CySysClkWriteImoFreq
                0x00000748      0x164 .\CortexM0\ARM_GCC_493\Debug\EMA.a(CyLib.o)
                0x00000748                CySysClkWriteImoFreq
 .text.CySysWdtLocked
                0x000008ac       0x14 .\CortexM0\ARM_GCC_493\Debug\EMA.a(CyLFClk.o)
 .text.CySysWdtLock
                0x000008c0       0x1c .\CortexM0\ARM_GCC_493\Debug\EMA.a(CyLFClk.o)
                0x000008c0                CySysWdtLock
 .text.CySysWdtUnlock
                0x000008dc       0x30 .\CortexM0\ARM_GCC_493\Debug\EMA.a(CyLFClk.o)
                0x000008dc                CySysWdtUnlock
 .text.CySysWdtClearInterrupt
                0x0000090c       0x4c .\CortexM0\ARM_GCC_493\Debug\EMA.a(CyLFClk.o)
                0x0000090c                CySysWdtClearInterrupt
 .text.CySysWdtIsr
                0x00000958       0xa4 .\CortexM0\ARM_GCC_493\Debug\EMA.a(CyLFClk.o)
                0x00000958                CySysWdtIsr
 *fill*         0x000009fc        0x4 
 .text          0x00000a00       0x28 .\CortexM0\ARM_GCC_493\Debug\EMA.a(CyBootAsmGnu.o)
                0x00000a00                CyDelayCycles
                0x00000a14                CyEnterCriticalSection
                0x00000a1c                CyExitCriticalSection
 .text.UART_SpiUartReadRxData
                0x00000a28        0xc .\CortexM0\ARM_GCC_493\Debug\EMA.a(UART_SPI_UART.o)
                0x00000a28                UART_SpiUartReadRxData
 .text.UART_SpiUartGetRxBufferSize
                0x00000a34       0x10 .\CortexM0\ARM_GCC_493\Debug\EMA.a(UART_SPI_UART.o)
                0x00000a34                UART_SpiUartGetRxBufferSize
 .text.UART_SpiUartWriteTxData
                0x00000a44       0x1c .\CortexM0\ARM_GCC_493\Debug\EMA.a(UART_SPI_UART.o)
                0x00000a44                UART_SpiUartWriteTxData
 .text.UARTT_SpiUartReadRxData
                0x00000a60        0xc .\CortexM0\ARM_GCC_493\Debug\EMA.a(UARTT_SPI_UART.o)
                0x00000a60                UARTT_SpiUartReadRxData
 .text.UARTT_SpiUartGetRxBufferSize
                0x00000a6c       0x10 .\CortexM0\ARM_GCC_493\Debug\EMA.a(UARTT_SPI_UART.o)
                0x00000a6c                UARTT_SpiUartGetRxBufferSize
 .text.UARTT_SpiUartWriteTxData
                0x00000a7c       0x1c .\CortexM0\ARM_GCC_493\Debug\EMA.a(UARTT_SPI_UART.o)
                0x00000a7c                UARTT_SpiUartWriteTxData
 .text.__errno  0x00000a98        0xc c:/program files (x86)/cypress/psoc creator/4.0/psoc creator/import/gnu/arm/4.9.3/bin/../lib/gcc/arm-none-eabi/4.9.3/../../../../arm-none-eabi/lib/armv6-m\libg_nano.a(lib_a-errno.o)
                0x00000a98                __errno
 .text.__libc_init_array
                0x00000aa4       0x4c c:/program files (x86)/cypress/psoc creator/4.0/psoc creator/import/gnu/arm/4.9.3/bin/../lib/gcc/arm-none-eabi/4.9.3/../../../../arm-none-eabi/lib/armv6-m\libg_nano.a(lib_a-init.o)
                0x00000aa4                __libc_init_array
 .text.memset   0x00000af0       0x10 c:/program files (x86)/cypress/psoc creator/4.0/psoc creator/import/gnu/arm/4.9.3/bin/../lib/gcc/arm-none-eabi/4.9.3/../../../../arm-none-eabi/lib/armv6-m\libg_nano.a(lib_a-memset.o)
                0x00000af0                memset
 *(.plt)
 *(.gnu.warning)
 *(.glue_7t)
 .glue_7t       0x00000000        0x0 linker stubs
 *(.glue_7)
 .glue_7        0x00000000        0x0 linker stubs
 *(.vfp11_veneer)
 .vfp11_veneer  0x00000000        0x0 linker stubs
 *(.bootloader)
 *(.ARM.extab* .gnu.linkonce.armextab.*)
 *(.gcc_except_table)

.v4_bx          0x00000b00        0x0
 .v4_bx         0x00000000        0x0 linker stubs

.iplt           0x00000b00        0x0
 .iplt          0x00000000        0x0 c:/program files (x86)/cypress/psoc creator/4.0/psoc creator/import/gnu/arm/4.9.3/bin/../lib/gcc/arm-none-eabi/4.9.3/armv6-m/crtbegin.o

.eh_frame_hdr
 *(.eh_frame_hdr)

.eh_frame       0x00000b00        0x4
 *(.eh_frame)
 .eh_frame      0x00000b00        0x0 c:/program files (x86)/cypress/psoc creator/4.0/psoc creator/import/gnu/arm/4.9.3/bin/../lib/gcc/arm-none-eabi/4.9.3/armv6-m/crtbegin.o
 .eh_frame      0x00000b00        0x4 c:/program files (x86)/cypress/psoc creator/4.0/psoc creator/import/gnu/arm/4.9.3/bin/../lib/gcc/arm-none-eabi/4.9.3/armv6-m/crtend.o
                0x00000b04                PROVIDE (__exidx_start, .)

.ARM.exidx
 *(.ARM.exidx* .gnu.linkonce.armexidx.*)
                0x00000b04                __exidx_end = .

.rodata         0x00000b04       0x74
 *(.rodata .rodata.* .gnu.linkonce.r.*)
 .rodata        0x00000b04        0xc .\CortexM0\ARM_GCC_493\Debug\EMA.a(cyfitter_cfg.o)
 .rodata        0x00000b10       0x30 .\CortexM0\ARM_GCC_493\Debug\EMA.a(CyLib.o)
                0x00000b10                cyImoFreqMhz2Reg
 .rodata.str1.1
                0x00000b40        0x2 c:/program files (x86)/cypress/psoc creator/4.0/psoc creator/import/gnu/arm/4.9.3/bin/../lib/gcc/arm-none-eabi/4.9.3/../../../../arm-none-eabi/lib/armv6-m\libg_nano.a(lib_a-impure.o)
                0x00000b44                . = ALIGN (0x4)
 *fill*         0x00000b42        0x2 
 *(.init)
 .init          0x00000b44        0x4 c:/program files (x86)/cypress/psoc creator/4.0/psoc creator/import/gnu/arm/4.9.3/bin/../lib/gcc/arm-none-eabi/4.9.3/armv6-m/crti.o
                0x00000b44                _init
 .init          0x00000b48        0x8 c:/program files (x86)/cypress/psoc creator/4.0/psoc creator/import/gnu/arm/4.9.3/bin/../lib/gcc/arm-none-eabi/4.9.3/armv6-m/crtn.o
                0x00000b50                . = ALIGN (0x4)
                0x00000b50                __preinit_array_start = .
 *(.preinit_array)
                0x00000b50                __preinit_array_end = .
                0x00000b50                . = ALIGN (0x4)
                0x00000b50                __init_array_start = .
 *(SORT(.init_array.*))
 *(.init_array)
 .init_array    0x00000b50        0x4 c:/program files (x86)/cypress/psoc creator/4.0/psoc creator/import/gnu/arm/4.9.3/bin/../lib/gcc/arm-none-eabi/4.9.3/armv6-m/crtbegin.o
 .init_array    0x00000b54        0x4 .\CortexM0\ARM_GCC_493\Debug\Cm0Start.o
                0x00000b58                __init_array_end = .
                0x00000b58                . = ALIGN (0x4)
 *(.fini)
 .fini          0x00000b58        0x4 c:/program files (x86)/cypress/psoc creator/4.0/psoc creator/import/gnu/arm/4.9.3/bin/../lib/gcc/arm-none-eabi/4.9.3/armv6-m/crti.o
                0x00000b58                _fini
 .fini          0x00000b5c        0x8 c:/program files (x86)/cypress/psoc creator/4.0/psoc creator/import/gnu/arm/4.9.3/bin/../lib/gcc/arm-none-eabi/4.9.3/armv6-m/crtn.o
                0x00000b64                . = ALIGN (0x4)
                0x00000b64                __fini_array_start = .
 *(.fini_array)
 .fini_array    0x00000b64        0x4 c:/program files (x86)/cypress/psoc creator/4.0/psoc creator/import/gnu/arm/4.9.3/bin/../lib/gcc/arm-none-eabi/4.9.3/armv6-m/crtbegin.o
 *(SORT(.fini_array.*))
                0x00000b68                __fini_array_end = .
                0x00000b68                . = ALIGN (0x4)
 *crtbegin.o(.ctors)
 *(EXCLUDE_FILE(*crtend.o) .ctors)
 *(SORT(.ctors.*))
 *crtend.o(.ctors)
                0x00000b68                . = ALIGN (0x4)
 *crtbegin.o(.dtors)
 *(EXCLUDE_FILE(*crtend.o) .dtors)
 *(SORT(.dtors.*))
 *crtend.o(.dtors)
                0x00000b68                . = ALIGN (0x4)
                0x00000b68                __cy_regions = .
                0x00000b68        0x4 LONG 0xb78 __cy_region_init_ram
                0x00000b6c        0x4 LONG 0x200000c8 __cy_region_start_data
                0x00000b70        0x4 LONG 0x80 __cy_region_init_size_ram
                0x00000b74        0x4 LONG 0x68 __cy_region_zero_size_ram
                0x00000b78                __cy_regions_end = .
                0x00000b78                . = ALIGN (0x8)
                0x00000b78                _etext = .

.cy_checksum_exclude
                0x00000b78        0x0
 *(.cy_checksum_exclude)

.ramvectors     0x20000000       0xc0
                0x20000000                __cy_region_start_ram = .
 *(.ramvectors)
 .ramvectors    0x20000000       0xc0 .\CortexM0\ARM_GCC_493\Debug\Cm0Start.o
                0x20000000                CyRamVectors

.noinit         0x200000c0        0x4
 *(.noinit)
 .noinit        0x200000c0        0x4 .\CortexM0\ARM_GCC_493\Debug\Cm0Start.o

.data           0x200000c8       0x80 load address 0x00000b78
                0x200000c8                __cy_region_start_data = .
 *(.jcr)
 .jcr           0x200000c8        0x0 c:/program files (x86)/cypress/psoc creator/4.0/psoc creator/import/gnu/arm/4.9.3/bin/../lib/gcc/arm-none-eabi/4.9.3/armv6-m/crtbegin.o
 .jcr           0x200000c8        0x4 c:/program files (x86)/cypress/psoc creator/4.0/psoc creator/import/gnu/arm/4.9.3/bin/../lib/gcc/arm-none-eabi/4.9.3/armv6-m/crtend.o
 *(.got.plt)
 *(.got)
 *(.shdata)
 *(.data .data.* .gnu.linkonce.d.*)
 .data          0x200000cc       0x14 .\CortexM0\ARM_GCC_493\Debug\EMA.a(CyLib.o)
                0x200000cc                CySysClkPumpConfig
                0x200000d0                cydelay32kMs
                0x200000d4                cydelayFreqKhz
                0x200000d8                cydelayFreqMhz
                0x200000dc                cydelayFreqHz
 .data          0x200000e0        0x4 .\CortexM0\ARM_GCC_493\Debug\EMA.a(CyLFClk.o)
 .data.impure_data
                0x200000e4       0x60 c:/program files (x86)/cypress/psoc creator/4.0/psoc creator/import/gnu/arm/4.9.3/bin/../lib/gcc/arm-none-eabi/4.9.3/../../../../arm-none-eabi/lib/armv6-m\libg_nano.a(lib_a-impure.o)
 .data._impure_ptr
                0x20000144        0x4 c:/program files (x86)/cypress/psoc creator/4.0/psoc creator/import/gnu/arm/4.9.3/bin/../lib/gcc/arm-none-eabi/4.9.3/../../../../arm-none-eabi/lib/armv6-m\libg_nano.a(lib_a-impure.o)
                0x20000144                _impure_ptr
                0x20000148                . = ALIGN (0x8)
 *(.ram)
                0x20000148                _edata = .

.igot.plt       0x20000148        0x0 load address 0x00000bf8
 .igot.plt      0x00000000        0x0 c:/program files (x86)/cypress/psoc creator/4.0/psoc creator/import/gnu/arm/4.9.3/bin/../lib/gcc/arm-none-eabi/4.9.3/armv6-m/crtbegin.o

.bss            0x20000148       0x68 load address 0x00000bf8
                0x20000148                PROVIDE (__bss_start__, .)
 *(.shbss)
 *(.bss .bss.* .gnu.linkonce.b.*)
 .bss           0x20000148       0x1c c:/program files (x86)/cypress/psoc creator/4.0/psoc creator/import/gnu/arm/4.9.3/bin/../lib/gcc/arm-none-eabi/4.9.3/armv6-m/crtbegin.o
 .bss           0x20000164        0x2 .\CortexM0\ARM_GCC_493\Debug\main.o
                0x20000164                rf
                0x20000165                rf2
 .bss           0x20000166        0x4 .\CortexM0\ARM_GCC_493\Debug\EMA.a(UART.o)
                0x20000166                UART_initVar
                0x20000168                UART_IntrTxMask
 .bss           0x2000016a        0x4 .\CortexM0\ARM_GCC_493\Debug\EMA.a(UARTT.o)
                0x2000016a                UARTT_initVar
                0x2000016c                UARTT_IntrTxMask
 *fill*         0x2000016e        0x2 
 .bss           0x20000170       0x20 .\CortexM0\ARM_GCC_493\Debug\EMA.a(CyLFClk.o)
 *(COMMON)
 COMMON         0x20000190       0x1c .\CortexM0\ARM_GCC_493\Debug\main.o
                0x20000190                RCX_BUFF2
                0x2000019c                RCX_BUFF1
                0x200001a8                rxd_cnt
                0x200001b0                . = ALIGN (0x8)
 *fill*         0x200001ac        0x4 
 *(.ram.b)
                0x200001b0                _end = .
                0x200001b0                __end = .
                0x200001b0                PROVIDE (end, .)
                0x200001b0                PROVIDE (__bss_end__, .)
                0x00000b78                __cy_region_init_ram = LOADADDR (.data)
                0x00000080                __cy_region_init_size_ram = (_edata - ADDR (.data))
                0x00000068                __cy_region_zero_size_ram = (_end - _edata)

.heap           0x200001b0       0x80 load address 0x00000bf8
                0x200001b0                . = _end
                0x20000230                . = (. + 0x80)
 *fill*         0x200001b0       0x80 
                0x20000230                __cy_heap_limit = .

.stack          0x20000c00      0x400
                0x20000c00                __cy_stack_limit = .
                0x20001000                . = (. + 0x400)
 *fill*         0x20000c00      0x400 
                0x00000001                ASSERT ((__cy_stack_limit >= __cy_heap_limit), region RAM overflowed with stack)
                0x00000000                cy_checksum_exclude_size = (CY_APPL_LOADABLE == 0x1)?SIZEOF (.cy_checksum_exclude):0x0
                0x00000001                ASSERT ((cy_checksum_exclude_size <= CY_CHECKSUM_EXCLUDE_SIZE), CY_BOOT: Section .cy_checksum_exclude size exceedes specified limit.)
                0x00007fc0                cyloadermeta_start = (cy_project_type_bootloader || cy_project_type_app_for_stack_and_copier)?(0x8000 - CY_METADATA_SIZE):0xf0000000

.cyloadermeta
 *(.cyloadermeta)
                0x00007fc0                cyloadablemeta_start = cy_project_type_app_for_stack_and_copier?((0x8000 - CY_FLASH_ROW_SIZE) - CY_METADATA_SIZE):((0x8000 - (CY_FLASH_ROW_SIZE * (CY_APPL_NUM - 0x1))) - CY_METADATA_SIZE)

.cyloadablemeta
 *(.cyloadablemeta)

.cyflashprotect
                0x90400000       0x20
 *(.cyflashprotect)
 .cyflashprotect
                0x90400000       0x20 .\CortexM0\ARM_GCC_493\Debug\cymetadata.o
                0x90400000                cy_meta_flashprotect

.cymeta         0x90500000        0xc
 *(.cymeta)
 .cymeta        0x90500000        0xc .\CortexM0\ARM_GCC_493\Debug\cymetadata.o
                0x90500000                cy_metadata

.cychipprotect  0x90600000        0x4
 *(.cychipprotect)
 .cychipprotect
                0x90600000        0x4 .\CortexM0\ARM_GCC_493\Debug\cymetadata.o
                0x90600000                cy_meta_chipprotect

.rel.dyn        0x00000bf8        0x0 load address 0x90600004
 .rel.iplt      0x00000000        0x0 c:/program files (x86)/cypress/psoc creator/4.0/psoc creator/import/gnu/arm/4.9.3/bin/../lib/gcc/arm-none-eabi/4.9.3/armv6-m/crtbegin.o

.stab
 *(.stab)

.stabstr
 *(.stabstr)

.debug
 *(.debug)

.line
 *(.line)

.debug_srcinfo
 *(.debug_srcinfo)

.debug_sfnames
 *(.debug_sfnames)

.debug_aranges  0x00000000      0x6f8
 *(.debug_aranges)
 .debug_aranges
                0x00000000       0x20 .\CortexM0\ARM_GCC_493\Debug\main.o
 .debug_aranges
                0x00000020       0x30 .\CortexM0\ARM_GCC_493\Debug\isr.o
 .debug_aranges
                0x00000050       0x18 .\CortexM0\ARM_GCC_493\Debug\cymetadata.o
 .debug_aranges
                0x00000068       0x48 .\CortexM0\ARM_GCC_493\Debug\Cm0Start.o
 .debug_aranges
                0x000000b0       0x30 .\CortexM0\ARM_GCC_493\Debug\EMA.a(cyfitter_cfg.o)
 .debug_aranges
                0x000000e0       0x60 .\CortexM0\ARM_GCC_493\Debug\EMA.a(UART.o)
 .debug_aranges
                0x00000140       0x60 .\CortexM0\ARM_GCC_493\Debug\EMA.a(UART_UART.o)
 .debug_aranges
                0x000001a0       0x80 .\CortexM0\ARM_GCC_493\Debug\EMA.a(UART_isr.o)
 .debug_aranges
                0x00000220       0x60 .\CortexM0\ARM_GCC_493\Debug\EMA.a(UARTT.o)
 .debug_aranges
                0x00000280       0x60 .\CortexM0\ARM_GCC_493\Debug\EMA.a(UARTT_UART.o)
 .debug_aranges
                0x000002e0       0x80 .\CortexM0\ARM_GCC_493\Debug\EMA.a(UARTT_isr.o)
 .debug_aranges
                0x00000360      0x180 .\CortexM0\ARM_GCC_493\Debug\EMA.a(CyLib.o)
 .debug_aranges
                0x000004e0      0x138 .\CortexM0\ARM_GCC_493\Debug\EMA.a(CyLFClk.o)
 .debug_aranges
                0x00000618       0x20 .\CortexM0\ARM_GCC_493\Debug\EMA.a(CyBootAsmGnu.o)
 .debug_aranges
                0x00000638       0x60 .\CortexM0\ARM_GCC_493\Debug\EMA.a(UART_SPI_UART.o)
 .debug_aranges
                0x00000698       0x60 .\CortexM0\ARM_GCC_493\Debug\EMA.a(UARTT_SPI_UART.o)

.debug_pubnames
 *(.debug_pubnames)

.debug_info     0x00000000     0x37a8
 *(.debug_info .gnu.linkonce.wi.*)
 .debug_info    0x00000000      0x1a3 .\CortexM0\ARM_GCC_493\Debug\main.o
 .debug_info    0x000001a3      0x1fa .\CortexM0\ARM_GCC_493\Debug\isr.o
 .debug_info    0x0000039d       0xfe .\CortexM0\ARM_GCC_493\Debug\cymetadata.o
 .debug_info    0x0000049b      0x39a .\CortexM0\ARM_GCC_493\Debug\Cm0Start.o
 .debug_info    0x00000835      0x294 .\CortexM0\ARM_GCC_493\Debug\EMA.a(cyfitter_cfg.o)
 .debug_info    0x00000ac9      0x239 .\CortexM0\ARM_GCC_493\Debug\EMA.a(UART.o)
 .debug_info    0x00000d02      0x2c4 .\CortexM0\ARM_GCC_493\Debug\EMA.a(UART_UART.o)
 .debug_info    0x00000fc6      0x300 .\CortexM0\ARM_GCC_493\Debug\EMA.a(UART_isr.o)
 .debug_info    0x000012c6      0x239 .\CortexM0\ARM_GCC_493\Debug\EMA.a(UARTT.o)
 .debug_info    0x000014ff      0x2c4 .\CortexM0\ARM_GCC_493\Debug\EMA.a(UARTT_UART.o)
 .debug_info    0x000017c3      0x300 .\CortexM0\ARM_GCC_493\Debug\EMA.a(UARTT_isr.o)
 .debug_info    0x00001ac3      0xb07 .\CortexM0\ARM_GCC_493\Debug\EMA.a(CyLib.o)
 .debug_info    0x000025ca      0xcfc .\CortexM0\ARM_GCC_493\Debug\EMA.a(CyLFClk.o)
 .debug_info    0x000032c6       0xb0 .\CortexM0\ARM_GCC_493\Debug\EMA.a(CyBootAsmGnu.o)
 .debug_info    0x00003376      0x219 .\CortexM0\ARM_GCC_493\Debug\EMA.a(UART_SPI_UART.o)
 .debug_info    0x0000358f      0x219 .\CortexM0\ARM_GCC_493\Debug\EMA.a(UARTT_SPI_UART.o)

.debug_abbrev   0x00000000     0x14ae
 *(.debug_abbrev)
 .debug_abbrev  0x00000000      0x102 .\CortexM0\ARM_GCC_493\Debug\main.o
 .debug_abbrev  0x00000102      0x118 .\CortexM0\ARM_GCC_493\Debug\isr.o
 .debug_abbrev  0x0000021a       0x5d .\CortexM0\ARM_GCC_493\Debug\cymetadata.o
 .debug_abbrev  0x00000277      0x1e6 .\CortexM0\ARM_GCC_493\Debug\Cm0Start.o
 .debug_abbrev  0x0000045d      0x19b .\CortexM0\ARM_GCC_493\Debug\EMA.a(cyfitter_cfg.o)
 .debug_abbrev  0x000005f8       0xed .\CortexM0\ARM_GCC_493\Debug\EMA.a(UART.o)
 .debug_abbrev  0x000006e5      0x13d .\CortexM0\ARM_GCC_493\Debug\EMA.a(UART_UART.o)
 .debug_abbrev  0x00000822      0x1b4 .\CortexM0\ARM_GCC_493\Debug\EMA.a(UART_isr.o)
 .debug_abbrev  0x000009d6       0xed .\CortexM0\ARM_GCC_493\Debug\EMA.a(UARTT.o)
 .debug_abbrev  0x00000ac3      0x13d .\CortexM0\ARM_GCC_493\Debug\EMA.a(UARTT_UART.o)
 .debug_abbrev  0x00000c00      0x1b4 .\CortexM0\ARM_GCC_493\Debug\EMA.a(UARTT_isr.o)
 .debug_abbrev  0x00000db4      0x20d .\CortexM0\ARM_GCC_493\Debug\EMA.a(CyLib.o)
 .debug_abbrev  0x00000fc1      0x23b .\CortexM0\ARM_GCC_493\Debug\EMA.a(CyLFClk.o)
 .debug_abbrev  0x000011fc       0x14 .\CortexM0\ARM_GCC_493\Debug\EMA.a(CyBootAsmGnu.o)
 .debug_abbrev  0x00001210      0x14f .\CortexM0\ARM_GCC_493\Debug\EMA.a(UART_SPI_UART.o)
 .debug_abbrev  0x0000135f      0x14f .\CortexM0\ARM_GCC_493\Debug\EMA.a(UARTT_SPI_UART.o)

.debug_line     0x00000000     0x184d
 *(.debug_line)
 .debug_line    0x00000000       0xb1 .\CortexM0\ARM_GCC_493\Debug\main.o
 .debug_line    0x000000b1       0xce .\CortexM0\ARM_GCC_493\Debug\isr.o
 .debug_line    0x0000017f       0x51 .\CortexM0\ARM_GCC_493\Debug\cymetadata.o
 .debug_line    0x000001d0      0x24e .\CortexM0\ARM_GCC_493\Debug\Cm0Start.o
 .debug_line    0x0000041e      0x136 .\CortexM0\ARM_GCC_493\Debug\EMA.a(cyfitter_cfg.o)
 .debug_line    0x00000554      0x127 .\CortexM0\ARM_GCC_493\Debug\EMA.a(UART.o)
 .debug_line    0x0000067b      0x14c .\CortexM0\ARM_GCC_493\Debug\EMA.a(UART_UART.o)
 .debug_line    0x000007c7      0x154 .\CortexM0\ARM_GCC_493\Debug\EMA.a(UART_isr.o)
 .debug_line    0x0000091b      0x129 .\CortexM0\ARM_GCC_493\Debug\EMA.a(UARTT.o)
 .debug_line    0x00000a44      0x14f .\CortexM0\ARM_GCC_493\Debug\EMA.a(UARTT_UART.o)
 .debug_line    0x00000b93      0x155 .\CortexM0\ARM_GCC_493\Debug\EMA.a(UARTT_isr.o)
 .debug_line    0x00000ce8      0x460 .\CortexM0\ARM_GCC_493\Debug\EMA.a(CyLib.o)
 .debug_line    0x00001148      0x467 .\CortexM0\ARM_GCC_493\Debug\EMA.a(CyLFClk.o)
 .debug_line    0x000015af       0x69 .\CortexM0\ARM_GCC_493\Debug\EMA.a(CyBootAsmGnu.o)
 .debug_line    0x00001618      0x11a .\CortexM0\ARM_GCC_493\Debug\EMA.a(UART_SPI_UART.o)
 .debug_line    0x00001732      0x11b .\CortexM0\ARM_GCC_493\Debug\EMA.a(UARTT_SPI_UART.o)

.debug_frame    0x00000000     0x1100
 *(.debug_frame)
 .debug_frame   0x00000000       0x2c .\CortexM0\ARM_GCC_493\Debug\main.o
 .debug_frame   0x0000002c       0x64 .\CortexM0\ARM_GCC_493\Debug\isr.o
 .debug_frame   0x00000090       0xbc .\CortexM0\ARM_GCC_493\Debug\Cm0Start.o
 .debug_frame   0x0000014c       0x68 .\CortexM0\ARM_GCC_493\Debug\EMA.a(cyfitter_cfg.o)
 .debug_frame   0x000001b4       0xe8 .\CortexM0\ARM_GCC_493\Debug\EMA.a(UART.o)
 .debug_frame   0x0000029c       0xe0 .\CortexM0\ARM_GCC_493\Debug\EMA.a(UART_UART.o)
 .debug_frame   0x0000037c      0x110 .\CortexM0\ARM_GCC_493\Debug\EMA.a(UART_isr.o)
 .debug_frame   0x0000048c       0xe8 .\CortexM0\ARM_GCC_493\Debug\EMA.a(UARTT.o)
 .debug_frame   0x00000574       0xe0 .\CortexM0\ARM_GCC_493\Debug\EMA.a(UARTT_UART.o)
 .debug_frame   0x00000654      0x110 .\CortexM0\ARM_GCC_493\Debug\EMA.a(UARTT_isr.o)
 .debug_frame   0x00000764      0x3e0 .\CortexM0\ARM_GCC_493\Debug\EMA.a(CyLib.o)
 .debug_frame   0x00000b44      0x3a8 .\CortexM0\ARM_GCC_493\Debug\EMA.a(CyLFClk.o)
 .debug_frame   0x00000eec       0xb0 .\CortexM0\ARM_GCC_493\Debug\EMA.a(UART_SPI_UART.o)
 .debug_frame   0x00000f9c       0xb0 .\CortexM0\ARM_GCC_493\Debug\EMA.a(UARTT_SPI_UART.o)
 .debug_frame   0x0000104c       0x20 c:/program files (x86)/cypress/psoc creator/4.0/psoc creator/import/gnu/arm/4.9.3/bin/../lib/gcc/arm-none-eabi/4.9.3/armv6-m\libgcc.a(_udivsi3.o)
 .debug_frame   0x0000106c       0x20 c:/program files (x86)/cypress/psoc creator/4.0/psoc creator/import/gnu/arm/4.9.3/bin/../lib/gcc/arm-none-eabi/4.9.3/../../../../arm-none-eabi/lib/armv6-m\libg_nano.a(lib_a-errno.o)
 .debug_frame   0x0000108c       0x28 c:/program files (x86)/cypress/psoc creator/4.0/psoc creator/import/gnu/arm/4.9.3/bin/../lib/gcc/arm-none-eabi/4.9.3/../../../../arm-none-eabi/lib/armv6-m\libg_nano.a(lib_a-exit.o)
 .debug_frame   0x000010b4       0x2c c:/program files (x86)/cypress/psoc creator/4.0/psoc creator/import/gnu/arm/4.9.3/bin/../lib/gcc/arm-none-eabi/4.9.3/../../../../arm-none-eabi/lib/armv6-m\libg_nano.a(lib_a-init.o)
 .debug_frame   0x000010e0       0x20 c:/program files (x86)/cypress/psoc creator/4.0/psoc creator/import/gnu/arm/4.9.3/bin/../lib/gcc/arm-none-eabi/4.9.3/../../../../arm-none-eabi/lib/armv6-m\libg_nano.a(lib_a-memset.o)

.debug_str      0x00000000     0x1643
 *(.debug_str)
 .debug_str     0x00000000      0x1d0 .\CortexM0\ARM_GCC_493\Debug\main.o
                                0x209 (size before relaxing)
 .debug_str     0x000001d0       0x8d .\CortexM0\ARM_GCC_493\Debug\isr.o
                                0x24c (size before relaxing)
 .debug_str     0x0000025d       0x59 .\CortexM0\ARM_GCC_493\Debug\cymetadata.o
                                0x1ee (size before relaxing)
 .debug_str     0x000002b6      0x147 .\CortexM0\ARM_GCC_493\Debug\Cm0Start.o
                                0x315 (size before relaxing)
 .debug_str     0x000003fd       0x9b .\CortexM0\ARM_GCC_493\Debug\EMA.a(cyfitter_cfg.o)
                                0x26b (size before relaxing)
 .debug_str     0x00000498      0x113 .\CortexM0\ARM_GCC_493\Debug\EMA.a(UART.o)
                                0x2c7 (size before relaxing)
 .debug_str     0x000005ab      0x101 .\CortexM0\ARM_GCC_493\Debug\EMA.a(UART_UART.o)
                                0x316 (size before relaxing)
 .debug_str     0x000006ac      0x153 .\CortexM0\ARM_GCC_493\Debug\EMA.a(UART_isr.o)
                                0x328 (size before relaxing)
 .debug_str     0x000007ff      0x105 .\CortexM0\ARM_GCC_493\Debug\EMA.a(UARTT.o)
                                0x2d6 (size before relaxing)
 .debug_str     0x00000904       0xc8 .\CortexM0\ARM_GCC_493\Debug\EMA.a(UARTT_UART.o)
                                0x324 (size before relaxing)
 .debug_str     0x000009cc      0x10c .\CortexM0\ARM_GCC_493\Debug\EMA.a(UARTT_isr.o)
                                0x336 (size before relaxing)
 .debug_str     0x00000ad8      0x493 .\CortexM0\ARM_GCC_493\Debug\EMA.a(CyLib.o)
                                0x6d8 (size before relaxing)
 .debug_str     0x00000f6b      0x530 .\CortexM0\ARM_GCC_493\Debug\EMA.a(CyLFClk.o)
                                0x751 (size before relaxing)
 .debug_str     0x0000149b       0xe3 .\CortexM0\ARM_GCC_493\Debug\EMA.a(UART_SPI_UART.o)
                                0x2e2 (size before relaxing)
 .debug_str     0x0000157e       0xc5 .\CortexM0\ARM_GCC_493\Debug\EMA.a(UARTT_SPI_UART.o)
                                0x2ec (size before relaxing)

.debug_loc      0x00000000     0x17e0
 *(.debug_loc)
 .debug_loc     0x00000000       0x4c .\CortexM0\ARM_GCC_493\Debug\isr.o
 .debug_loc     0x0000004c      0x14f .\CortexM0\ARM_GCC_493\Debug\Cm0Start.o
 .debug_loc     0x0000019b       0xa9 .\CortexM0\ARM_GCC_493\Debug\EMA.a(cyfitter_cfg.o)
 .debug_loc     0x00000244       0x7e .\CortexM0\ARM_GCC_493\Debug\EMA.a(UART.o)
 .debug_loc     0x000002c2      0x173 .\CortexM0\ARM_GCC_493\Debug\EMA.a(UART_UART.o)
 .debug_loc     0x00000435       0x82 .\CortexM0\ARM_GCC_493\Debug\EMA.a(UART_isr.o)
 .debug_loc     0x000004b7       0x7e .\CortexM0\ARM_GCC_493\Debug\EMA.a(UARTT.o)
 .debug_loc     0x00000535      0x173 .\CortexM0\ARM_GCC_493\Debug\EMA.a(UARTT_UART.o)
 .debug_loc     0x000006a8       0x82 .\CortexM0\ARM_GCC_493\Debug\EMA.a(UARTT_isr.o)
 .debug_loc     0x0000072a      0x5b5 .\CortexM0\ARM_GCC_493\Debug\EMA.a(CyLib.o)
 .debug_loc     0x00000cdf      0x9d5 .\CortexM0\ARM_GCC_493\Debug\EMA.a(CyLFClk.o)
 .debug_loc     0x000016b4       0x96 .\CortexM0\ARM_GCC_493\Debug\EMA.a(UART_SPI_UART.o)
 .debug_loc     0x0000174a       0x96 .\CortexM0\ARM_GCC_493\Debug\EMA.a(UARTT_SPI_UART.o)

.debug_macinfo
 *(.debug_macinfo)

.debug_ranges   0x00000000      0x5e0
 *(.debug_ranges)
 .debug_ranges  0x00000000       0x10 .\CortexM0\ARM_GCC_493\Debug\main.o
 .debug_ranges  0x00000010       0x20 .\CortexM0\ARM_GCC_493\Debug\isr.o
 .debug_ranges  0x00000030       0x38 .\CortexM0\ARM_GCC_493\Debug\Cm0Start.o
 .debug_ranges  0x00000068       0x20 .\CortexM0\ARM_GCC_493\Debug\EMA.a(cyfitter_cfg.o)
 .debug_ranges  0x00000088       0x50 .\CortexM0\ARM_GCC_493\Debug\EMA.a(UART.o)
 .debug_ranges  0x000000d8       0x50 .\CortexM0\ARM_GCC_493\Debug\EMA.a(UART_UART.o)
 .debug_ranges  0x00000128       0x70 .\CortexM0\ARM_GCC_493\Debug\EMA.a(UART_isr.o)
 .debug_ranges  0x00000198       0x50 .\CortexM0\ARM_GCC_493\Debug\EMA.a(UARTT.o)
 .debug_ranges  0x000001e8       0x50 .\CortexM0\ARM_GCC_493\Debug\EMA.a(UARTT_UART.o)
 .debug_ranges  0x00000238       0x70 .\CortexM0\ARM_GCC_493\Debug\EMA.a(UARTT_isr.o)
 .debug_ranges  0x000002a8      0x170 .\CortexM0\ARM_GCC_493\Debug\EMA.a(CyLib.o)
 .debug_ranges  0x00000418      0x128 .\CortexM0\ARM_GCC_493\Debug\EMA.a(CyLFClk.o)
 .debug_ranges  0x00000540       0x50 .\CortexM0\ARM_GCC_493\Debug\EMA.a(UART_SPI_UART.o)
 .debug_ranges  0x00000590       0x50 .\CortexM0\ARM_GCC_493\Debug\EMA.a(UARTT_SPI_UART.o)

.comment        0x00000000       0x70
 .comment       0x00000000       0x70 .\CortexM0\ARM_GCC_493\Debug\main.o
                                 0x71 (size before relaxing)
 .comment       0x00000000       0x71 .\CortexM0\ARM_GCC_493\Debug\isr.o
 .comment       0x00000000       0x71 .\CortexM0\ARM_GCC_493\Debug\cymetadata.o
 .comment       0x00000000       0x71 .\CortexM0\ARM_GCC_493\Debug\Cm0Start.o
 .comment       0x00000000       0x71 .\CortexM0\ARM_GCC_493\Debug\EMA.a(cyfitter_cfg.o)
 .comment       0x00000000       0x71 .\CortexM0\ARM_GCC_493\Debug\EMA.a(UART.o)
 .comment       0x00000000       0x71 .\CortexM0\ARM_GCC_493\Debug\EMA.a(UART_UART.o)
 .comment       0x00000000       0x71 .\CortexM0\ARM_GCC_493\Debug\EMA.a(UART_isr.o)
 .comment       0x00000000       0x71 .\CortexM0\ARM_GCC_493\Debug\EMA.a(UARTT.o)
 .comment       0x00000000       0x71 .\CortexM0\ARM_GCC_493\Debug\EMA.a(UARTT_UART.o)
 .comment       0x00000000       0x71 .\CortexM0\ARM_GCC_493\Debug\EMA.a(UARTT_isr.o)
 .comment       0x00000000       0x71 .\CortexM0\ARM_GCC_493\Debug\EMA.a(CyLib.o)
 .comment       0x00000000       0x71 .\CortexM0\ARM_GCC_493\Debug\EMA.a(CyLFClk.o)
 .comment       0x00000000       0x71 .\CortexM0\ARM_GCC_493\Debug\EMA.a(UART_SPI_UART.o)
 .comment       0x00000000       0x71 .\CortexM0\ARM_GCC_493\Debug\EMA.a(UARTT_SPI_UART.o)

.debug_weaknames
 *(.debug_weaknames)

.debug_funcnames
 *(.debug_funcnames)

.debug_typenames
 *(.debug_typenames)

.debug_varnames
 *(.debug_varnames)

.note.gnu.arm.ident
 *(.note.gnu.arm.ident)

.ARM.attributes
                0x00000000       0x28
 *(.ARM.attributes)
 .ARM.attributes
                0x00000000       0x1e c:/program files (x86)/cypress/psoc creator/4.0/psoc creator/import/gnu/arm/4.9.3/bin/../lib/gcc/arm-none-eabi/4.9.3/armv6-m/crti.o
 .ARM.attributes
                0x0000001e       0x2c c:/program files (x86)/cypress/psoc creator/4.0/psoc creator/import/gnu/arm/4.9.3/bin/../lib/gcc/arm-none-eabi/4.9.3/armv6-m/crtbegin.o
 .ARM.attributes
                0x0000004a       0x1b c:/program files (x86)/cypress/psoc creator/4.0/psoc creator/import/gnu/arm/4.9.3/bin/../lib/gcc/arm-none-eabi/4.9.3/../../../../arm-none-eabi/lib/armv6-m/crt0.o
 .ARM.attributes
                0x00000065       0x31 .\CortexM0\ARM_GCC_493\Debug\main.o
 .ARM.attributes
                0x00000096       0x31 .\CortexM0\ARM_GCC_493\Debug\isr.o
 .ARM.attributes
                0x000000c7       0x31 .\CortexM0\ARM_GCC_493\Debug\cymetadata.o
 .ARM.attributes
                0x000000f8       0x31 .\CortexM0\ARM_GCC_493\Debug\Cm0Start.o
 .ARM.attributes
                0x00000129       0x31 .\CortexM0\ARM_GCC_493\Debug\EMA.a(cyfitter_cfg.o)
 .ARM.attributes
                0x0000015a       0x31 .\CortexM0\ARM_GCC_493\Debug\EMA.a(UART.o)
 .ARM.attributes
                0x0000018b       0x31 .\CortexM0\ARM_GCC_493\Debug\EMA.a(UART_UART.o)
 .ARM.attributes
                0x000001bc       0x31 .\CortexM0\ARM_GCC_493\Debug\EMA.a(UART_isr.o)
 .ARM.attributes
                0x000001ed       0x31 .\CortexM0\ARM_GCC_493\Debug\EMA.a(UARTT.o)
 .ARM.attributes
                0x0000021e       0x31 .\CortexM0\ARM_GCC_493\Debug\EMA.a(UARTT_UART.o)
 .ARM.attributes
                0x0000024f       0x31 .\CortexM0\ARM_GCC_493\Debug\EMA.a(UARTT_isr.o)
 .ARM.attributes
                0x00000280       0x31 .\CortexM0\ARM_GCC_493\Debug\EMA.a(CyLib.o)
 .ARM.attributes
                0x000002b1       0x31 .\CortexM0\ARM_GCC_493\Debug\EMA.a(CyLFClk.o)
 .ARM.attributes
                0x000002e2       0x21 .\CortexM0\ARM_GCC_493\Debug\EMA.a(CyBootAsmGnu.o)
 .ARM.attributes
                0x00000303       0x31 .\CortexM0\ARM_GCC_493\Debug\EMA.a(UART_SPI_UART.o)
 .ARM.attributes
                0x00000334       0x31 .\CortexM0\ARM_GCC_493\Debug\EMA.a(UARTT_SPI_UART.o)
 .ARM.attributes
                0x00000365       0x1e c:/program files (x86)/cypress/psoc creator/4.0/psoc creator/import/gnu/arm/4.9.3/bin/../lib/gcc/arm-none-eabi/4.9.3/armv6-m\libgcc.a(_udivsi3.o)
 .ARM.attributes
                0x00000383       0x1e c:/program files (x86)/cypress/psoc creator/4.0/psoc creator/import/gnu/arm/4.9.3/bin/../lib/gcc/arm-none-eabi/4.9.3/armv6-m\libgcc.a(_dvmd_tls.o)
 .ARM.attributes
                0x000003a1       0x2c c:/program files (x86)/cypress/psoc creator/4.0/psoc creator/import/gnu/arm/4.9.3/bin/../lib/gcc/arm-none-eabi/4.9.3/../../../../arm-none-eabi/lib/armv6-m\libg_nano.a(lib_a-errno.o)
 .ARM.attributes
                0x000003cd       0x2c c:/program files (x86)/cypress/psoc creator/4.0/psoc creator/import/gnu/arm/4.9.3/bin/../lib/gcc/arm-none-eabi/4.9.3/../../../../arm-none-eabi/lib/armv6-m\libg_nano.a(lib_a-exit.o)
 .ARM.attributes
                0x000003f9       0x2c c:/program files (x86)/cypress/psoc creator/4.0/psoc creator/import/gnu/arm/4.9.3/bin/../lib/gcc/arm-none-eabi/4.9.3/../../../../arm-none-eabi/lib/armv6-m\libg_nano.a(lib_a-impure.o)
 .ARM.attributes
                0x00000425       0x2c c:/program files (x86)/cypress/psoc creator/4.0/psoc creator/import/gnu/arm/4.9.3/bin/../lib/gcc/arm-none-eabi/4.9.3/../../../../arm-none-eabi/lib/armv6-m\libg_nano.a(lib_a-init.o)
 .ARM.attributes
                0x00000451       0x2c c:/program files (x86)/cypress/psoc creator/4.0/psoc creator/import/gnu/arm/4.9.3/bin/../lib/gcc/arm-none-eabi/4.9.3/../../../../arm-none-eabi/lib/armv6-m\libg_nano.a(lib_a-memset.o)
 .ARM.attributes
                0x0000047d       0x2c c:/program files (x86)/cypress/psoc creator/4.0/psoc creator/import/gnu/arm/4.9.3/bin/../lib/gcc/arm-none-eabi/4.9.3/armv6-m/crtend.o
 .ARM.attributes
                0x000004a9       0x1e c:/program files (x86)/cypress/psoc creator/4.0/psoc creator/import/gnu/arm/4.9.3/bin/../lib/gcc/arm-none-eabi/4.9.3/armv6-m/crtn.o

/DISCARD/
 *(.note.GNU-stack)
OUTPUT(.\CortexM0\ARM_GCC_493\Debug\EMA.elf elf32-littlearm)
